 load_cell_addon

 Timestamp is 56ccb81d (Tue Feb 23 19:50:53 2016)

 Preferred load address is 10000000

 Start         Length     Name                   Class
 0001:00000000 0000025fH .text                   CODE
 0001:00000260 00009637H .text$mn                CODE
 0002:00000000 00000154H .idata$5                DATA
 0002:00000154 00000004H .00cfg                  DATA
 0002:00000158 00000004H .CRT$XCA                DATA
 0002:0000015c 00000004H .CRT$XCU                DATA
 0002:00000160 00000004H .CRT$XCZ                DATA
 0002:00000164 00000004H .CRT$XIA                DATA
 0002:00000168 0000000cH .CRT$XIC                DATA
 0002:00000174 00000004H .CRT$XIZ                DATA
 0002:00000178 00000004H .CRT$XPA                DATA
 0002:0000017c 00000008H .CRT$XPX                DATA
 0002:00000184 00000004H .CRT$XPXA               DATA
 0002:00000188 00000004H .CRT$XPZ                DATA
 0002:0000018c 00000004H .CRT$XTA                DATA
 0002:00000190 00000004H .CRT$XTZ                DATA
 0002:000001a0 000049b4H .rdata                  DATA
 0002:00004b54 00000000H .rdata$r                DATA
 0002:00004b60 0000000cH .rdata$sxdata           DATA
 0002:00004b70 00000010H .rdata$zETW0            DATA
 0002:00004b80 00000077H .rdata$zETW1            DATA
 0002:00004bf7 0000002cH .rdata$zETW2            DATA
 0002:00004c23 00000001H .rdata$zETW9            DATA
 0002:00004c24 00000390H .rdata$zzzdbg           DATA
 0002:00004fb4 00000004H .rtc$IAA                DATA
 0002:00004fb8 00000004H .rtc$IZZ                DATA
 0002:00004fbc 00000004H .rtc$TAA                DATA
 0002:00004fc0 00000004H .rtc$TZZ                DATA
 0002:00004fc8 0000038cH .xdata$x                DATA
 0002:00005360 00000062H .edata                  DATA
 0002:000053c4 0000003cH .idata$2                DATA
 0002:00005400 00000014H .idata$3                DATA
 0002:00005414 00000154H .idata$4                DATA
 0002:00005568 00000a00H .idata$6                DATA
 0003:00000000 000007c4H .data                   DATA
 0003:000007c4 00000000H .data$r                 DATA
 0003:000007c8 00000908H .bss                    DATA
 0004:00000000 00000088H .gfids$x                DATA
 0004:00000088 0000001cH .gfids$y                DATA
 0005:00000000 00000058H .rsrc$01                DATA
 0005:00000060 00000180H .rsrc$02                DATA

  Address         Publics by Value              Rva+Base       Lib:Object

 0000:00000000       ___guard_fids_count        00000000     <absolute>
 0000:00000000       ___guard_longjmp_count     00000000     <absolute>
 0000:00000000       ___guard_longjmp_table     00000000     <absolute>
 0000:00000000       __except_list              00000000     <absolute>
 0000:00000000       ___guard_iat_table         00000000     <absolute>
 0000:00000000       ___guard_iat_count         00000000     <absolute>
 0000:00000000       ___guard_fids_table        00000000     <absolute>
 0000:00000003       ___safe_se_handler_count   00000003     <absolute>
 0000:00000100       ___guard_flags             00000100     <absolute>
 0000:00000000       ___ImageBase               10000000     <linker-defined>
 0001:00000000       ?TraceLoggingRegister@__vcrt_trace_logging_provider@@YAJPBU_TlgProvider_t@1@PBU_GUID@@P6GX1KE_K2PAU_EVENT_FILTER_DESCRIPTOR@@PAX@Z4@Z 10001000 f i libvcruntime:telemetry.obj
 0001:0000005d       ?TraceLoggingSetInformation@__vcrt_trace_logging_provider@@YAJPBU_TlgProvider_t@1@W4_EVENT_INFO_CLASS@@PAXK@Z 1000105d f i libvcruntime:telemetry.obj
 0001:00000088       ?TraceLoggingUnregister@__vcrt_trace_logging_provider@@YAXPBU_TlgProvider_t@1@@Z 10001088 f i libvcruntime:telemetry.obj
 0001:000000a7       ?_TlgCreateSz@__vcrt_trace_logging_provider@@YAXPAU_EVENT_DATA_DESCRIPTOR@@PBD@Z 100010a7 f i libvcruntime:telemetry.obj
 0001:000000df       ?_TlgCreateWsz@__vcrt_trace_logging_provider@@YAXPAU_EVENT_DATA_DESCRIPTOR@@PB_W@Z 100010df f i libvcruntime:telemetry.obj
 0001:00000123       ?_TlgEnableCallback@__vcrt_trace_logging_provider@@YGXPBU_GUID@@KE_K1PAU_EVENT_FILTER_DESCRIPTOR@@PAX@Z 10001123 f i libvcruntime:telemetry.obj
 0001:0000019b       ?_TlgKeywordOn@__vcrt_trace_logging_provider@@YAEPBU_TlgProvider_t@1@_K@Z 1000119b f i libvcruntime:telemetry.obj
 0001:000001d7       ?_TlgWrite@__vcrt_trace_logging_provider@@YAJPBU_TlgProvider_t@1@PBXPBU_GUID@@2IPAU_EVENT_DATA_DESCRIPTOR@@@Z 100011d7 f i libvcruntime:telemetry.obj
 0001:00000300       ?New@?$Factory@VFunctionTemplate@v8@@@imp@Nan@@SA?AV?$Local@VFunctionTemplate@v8@@@v8@@P6AXABV?$FunctionCallbackInfo@VValue@v8@@@3@@ZV?$Local@VValue@v8@@@5@V?$Local@VSignature@v8@@@5@@Z 10001300 f i load_cell_addon.obj
 0001:00000430       ?Method@@YAXABV?$FunctionCallbackInfo@VValue@v8@@@Nan@@@Z 10001430 f   load_cell_addon.obj
 0001:00000480       ?Init@@YAXV?$Local@VObject@v8@@@v8@@@Z 10001480 f   load_cell_addon.obj
 0001:000004f0       __register_load_cell_addon 100014f0 f   load_cell_addon.obj
 0001:000004fd       @__security_check_cookie@4 100014fd f   LIBCMT:_secchk_.obj
 0001:00000823       __DllMainCRTStartup@12     10001823 f   LIBCMT:dll_dllmain.obj
 0001:00000846       ___raise_securityfailure   10001846 f   LIBCMT:gs_report.obj
 0001:0000086e       ___report_gsfailure        1000186e f   LIBCMT:gs_report.obj
 0001:00000969       ??$__crt_fast_encode_pointer@PAX@@YAPAXQAX@Z 10001969 f i libvcruntime:winapi_downlevel.obj
 0001:00000969       ??$__crt_fast_encode_pointer@PAP6AXXZ@@YAPAP6AXXZQAP6AXXZ@Z 10001969 f i LIBCMT:utility.obj
 0001:000009ca       ___scrt_acquire_startup_lock 100019ca f   LIBCMT:utility.obj
 0001:000009ff       ___scrt_dllmain_after_initialize_c 100019ff f   LIBCMT:utility.obj
 0001:00000a17       ___scrt_dllmain_before_initialize_c 10001a17 f   LIBCMT:utility.obj
 0001:00000a25       ___scrt_dllmain_crt_thread_attach 10001a25 f   LIBCMT:utility.obj
 0001:00000a44       ___scrt_dllmain_crt_thread_detach 10001a44 f   LIBCMT:utility.obj
 0001:00000a51       ___scrt_dllmain_exception_filter 10001a51 f   LIBCMT:utility.obj
 0001:00000a84       ___scrt_dllmain_uninitialize_c 10001a84 f   LIBCMT:utility.obj
 0001:00000aa7       ___scrt_dllmain_uninitialize_critical 10001aa7 f   LIBCMT:utility.obj
 0001:00000ab4       ___scrt_initialize_crt     10001ab4 f   LIBCMT:utility.obj
 0001:00000aed       ___scrt_initialize_onexit_tables 10001aed f   LIBCMT:utility.obj
 0001:00000b84       ___scrt_is_nonwritable_in_current_image 10001b84 f   LIBCMT:utility.obj
 0001:00000c11       ___scrt_release_startup_lock 10001c11 f   LIBCMT:utility.obj
 0001:00000c2e       ___scrt_uninitialize_crt   10001c2e f   LIBCMT:utility.obj
 0001:00000c56       __onexit                   10001c56 f   LIBCMT:utility.obj
 0001:00000c91       _atexit                    10001c91 f   LIBCMT:utility.obj
 0001:00000ca6       ___security_init_cookie    10001ca6 f   LIBCMT:gs_support.obj
 0001:00000d42       _DllMain@12                10001d42 f   LIBCMT:dll_dllmain_stub.obj
 0001:00000d48       ?__scrt_initialize_type_info@@YAXXZ 10001d48 f   LIBCMT:tncleanup.obj
 0001:00000d54       ?__scrt_uninitialize_type_info@@YAXXZ 10001d54 f   LIBCMT:tncleanup.obj
 0001:00000d60       ___local_stdio_printf_options 10001d60 f i LIBCMT:default_local_stdio_options.obj
 0001:00000d66       ___local_stdio_scanf_options 10001d66 f i LIBCMT:default_local_stdio_options.obj
 0001:00000d6c       ___scrt_initialize_default_local_stdio_options 10001d6c f   LIBCMT:default_local_stdio_options.obj
 0001:00000d89       ___scrt_get_dyn_tls_init_callback 10001d89 f   LIBCMT:dyn_tls_init.obj
 0001:00000d8f       ___scrt_fastfail           10001d8f f   LIBCMT:utility_desktop.obj
 0001:00000eaa       __crt_debugger_hook        10001eaa f   LIBCMT:utility_desktop.obj
 0001:00000eb2       __RTC_Initialize           10001eb2 f   LIBCMT:_initsect_.obj
 0001:00000edd       __RTC_Terminate            10001edd f   LIBCMT:_initsect_.obj
 0001:00000f08       @_guard_check_icall@4      10001f08 f i LIBCMT:checkcfg.obj
 0001:00000f10       __SEH_prolog4              10001f10 f   LIBCMT:_sehprolg4_.obj
 0001:00000f56       __SEH_epilog4              10001f56 f   LIBCMT:_sehprolg4_.obj
 0001:00000f6b       ___isa_available_init      10001f6b f   LIBCMT:_cpu_disp_.obj
 0001:0000110c       ___scrt_is_ucrt_dll_in_use 1000210c f   LIBCMT:ucrt_detection.obj
 0001:00001118       @_guard_check_icall_nop@4  10002118 f   LIBCMT:guard_support.obj
 0001:00001118       ___except_validate_context_record 10002118 f   libvcruntime:jbcxrval.obj
 0001:00001118       ___except_validate_jump_buffer 10002118 f   libvcruntime:jbcxrval.obj
 0001:00001153       ___telemetry_main_invoke_trigger 10002153 f   libvcruntime:telemetry.obj
 0001:000011ef       ___telemetry_main_return_trigger 100021ef f   libvcruntime:telemetry.obj
 0001:0000128b       ___vcrt_initialize_telemetry_provider 1000228b f   libvcruntime:telemetry.obj
 0001:0000129e       ___vcrt_uninitialize_telemetry_provider 1000229e f   libvcruntime:telemetry.obj
 0001:000012f0       __except_handler4          100022f0 f   libvcruntime:_chandler4_.obj
 0001:0000144a       ___vcrt_initialize         1000244a f   libvcruntime:initialization.obj
 0001:00001478       ___vcrt_thread_attach      10002478 f   libvcruntime:initialization.obj
 0001:00001483       ___vcrt_thread_detach      10002483 f   libvcruntime:initialization.obj
 0001:0000148e       ___vcrt_uninitialize       1000248e f   libvcruntime:initialization.obj
 0001:000014b2       ___vcrt_uninitialize_critical 100024b2 f   libvcruntime:initialization.obj
 0001:000014ba       ___std_type_info_destroy_list 100024ba f   libvcruntime:std_type_info.obj
 0001:000014e0       _memset                    100024e0 f   libvcruntime:memset.obj
 0001:0000175b       ___vcrt_EventRegister      1000275b f   libvcruntime:winapi_downlevel.obj
 0001:0000179b       ___vcrt_EventSetInformation 1000279b f   libvcruntime:winapi_downlevel.obj
 0001:000017de       ___vcrt_EventUnregister    100027de f   libvcruntime:winapi_downlevel.obj
 0001:00001818       ___vcrt_EventWriteTransfer 10002818 f   libvcruntime:winapi_downlevel.obj
 0001:00001861       ___vcrt_FlsAlloc           10002861 f   libvcruntime:winapi_downlevel.obj
 0001:0000189b       ___vcrt_FlsFree            1000289b f   libvcruntime:winapi_downlevel.obj
 0001:000018d5       ___vcrt_FlsGetValue        100028d5 f   libvcruntime:winapi_downlevel.obj
 0001:0000190f       ___vcrt_FlsSetValue        1000290f f   libvcruntime:winapi_downlevel.obj
 0001:0000194c       ___vcrt_InitializeCriticalSectionEx 1000294c f   libvcruntime:winapi_downlevel.obj
 0001:00001992       ___vcrt_initialize_winapi_thunks 10002992 f   libvcruntime:winapi_downlevel.obj
 0001:000019b6       ___vcrt_uninitialize_winapi_thunks 100029b6 f   libvcruntime:winapi_downlevel.obj
 0001:000019f0       __local_unwind4            100029f0 f   libvcruntime:_exsup4_.obj
 0001:00001ac6       __seh_longjmp_unwind4@4    10002ac6 f   libvcruntime:_exsup4_.obj
 0001:00001aee       @_EH4_CallFilterFunc@8     10002aee f   libvcruntime:_exsup4_.obj
 0001:00001b05       @_EH4_TransferToHandler@8  10002b05 f   libvcruntime:_exsup4_.obj
 0001:00001b1e       @_EH4_GlobalUnwind2@8      10002b1e f   libvcruntime:_exsup4_.obj
 0001:00001b37       @_EH4_LocalUnwind@16       10002b37 f   libvcruntime:_exsup4_.obj
 0001:00001b4e       ___vcrt_freefls@4          10002b4e f   libvcruntime:per_thread_data.obj
 0001:00001b6a       ___vcrt_freeptd            10002b6a f   libvcruntime:per_thread_data.obj
 0001:00001ba0       ___vcrt_getptd_noexit      10002ba0 f   libvcruntime:per_thread_data.obj
 0001:00001c18       ___vcrt_initialize_ptd     10002c18 f   libvcruntime:per_thread_data.obj
 0001:00001c4b       ___vcrt_uninitialize_ptd   10002c4b f   libvcruntime:per_thread_data.obj
 0001:00001c66       ___vcrt_initialize_locks   10002c66 f   libvcruntime:locks.obj
 0001:00001ca2       ___vcrt_uninitialize_locks 10002ca2 f   libvcruntime:locks.obj
 0001:00001cd1       ___vcrt_initialize_pure_virtual_call_handler 10002cd1 f   libvcruntime:purevirt_data.obj
 0001:00001cf0       __global_unwind2           10002cf0 f   libvcruntime:_exsup_.obj
 0001:00001d55       __local_unwind2            10002d55 f   libvcruntime:_exsup_.obj
 0001:00001dd9       __abnormal_termination     10002dd9 f   libvcruntime:_exsup_.obj
 0001:00001dfc       __NLG_Notify1              10002dfc f   libvcruntime:_exsup_.obj
 0001:00001e05       __NLG_Notify               10002e05 f   libvcruntime:_exsup_.obj
 0001:00001e1c       __NLG_Dispatch             10002e1c     libvcruntime:_exsup_.obj
 0001:00001e1c       __NLG_Dispatch2            10002e1c     libvcruntime:_exsup_.obj
 0001:00001e24       __NLG_Call                 10002e24 f   libvcruntime:_exsup_.obj
 0001:00001e26       __NLG_Return2              10002e26     libvcruntime:_exsup_.obj
 0001:00001e27       ??0_LocaleUpdate@@QAE@QAU__crt_locale_pointers@@@Z 10002e27 f i libucrt:stricmp.obj
 0001:00001eaa       __initterm                 10002eaa f   libucrt:initterm.obj
 0001:00001f06       __initterm_e               10002f06 f   libucrt:initterm.obj
 0001:00001f4b       __seh_filter_dll           10002f4b f   libucrt:exception_filter.obj
 0001:00001f6b       __seh_filter_exe           10002f6b f   libucrt:exception_filter.obj
 0001:000022f9       ___acrt_initialize_thread_local_exit_callback 100032f9 f   libucrt:exit.obj
 0001:00002308       __cexit                    10003308 f   libucrt:exit.obj
 0001:00002317       __exit                     10003317 f   libucrt:exit.obj
 0001:0000232d       __is_c_termination_complete 1000332d f   libucrt:exit.obj
 0001:0000248c       ??$uninitialize@A6AXAAPAPAD@Z@?$dual_state_global@PAPAD@__crt_state_management@@QAEXA6AXAAPAPAD@Z@Z 1000348c f i libucrt:environment_initialization.obj
 0001:0000248c       ??$uninitialize@A6AXAAPAPA_W@Z@?$dual_state_global@PAPA_W@__crt_state_management@@QAEXA6AXAAPAPA_W@Z@Z 1000348c f i libucrt:environment_initialization.obj
 0001:00002502       ___dcrt_uninitialize_environments_nolock 10003502 f   libucrt:environment_initialization.obj
 0001:00002539       __initialize_narrow_environment 10003539 f   libucrt:environment_initialization.obj
 0001:0000253e       ??$?RV<lambda_800076c951b434888f4765a74a194fcc>@@AAV<lambda_4e60a939b0d047cfe11ddc22648dfba9>@@V<lambda_6dbb1268764f43b569ce7b67e331d33a>@@@?$__crt_seh_guarded_call@H@@QAEH$$QAV<lambda_800076c951b434888f4765a74a194fcc>@@AAV<lambda_4e60a939b0d047cfe11ddc22648dfba9>@@$$QAV<lambda_6dbb1268764f43b569ce7b67e331d33a>@@@Z 1000353e f i libucrt:onexit.obj
 0001:0000258f       ??$?RV<lambda_995298e7d72eb4c2aab26c0585b3abe5>@@AAV<lambda_275893d493268fdec8709772e3fcec0e>@@V<lambda_293819299cbf9a7022e18b56a874bb5c>@@@?$__crt_seh_guarded_call@H@@QAEH$$QAV<lambda_995298e7d72eb4c2aab26c0585b3abe5>@@AAV<lambda_275893d493268fdec8709772e3fcec0e>@@$$QAV<lambda_293819299cbf9a7022e18b56a874bb5c>@@@Z 1000358f f i libucrt:onexit.obj
 0001:000025e0       ??$__acrt_lock_and_call@V<lambda_275893d493268fdec8709772e3fcec0e>@@@@YAHW4__acrt_lock_id@@$$QAV<lambda_275893d493268fdec8709772e3fcec0e>@@@Z 100035e0 f i libucrt:onexit.obj
 0001:00002608       ??$__acrt_lock_and_call@V<lambda_4e60a939b0d047cfe11ddc22648dfba9>@@@@YAHW4__acrt_lock_id@@$$QAV<lambda_4e60a939b0d047cfe11ddc22648dfba9>@@@Z 10003608 f i libucrt:onexit.obj
 0001:00002630       ??$__crt_fast_encode_pointer@P6AHXZ@@YAP6AHXZQ6AHXZ@Z 10003630 f i libucrt:onexit.obj
 0001:000028b0       __crt_atexit               100038b0 f   libucrt:onexit.obj
 0001:000028c6       __execute_onexit_table     100038c6 f   libucrt:onexit.obj
 0001:000028e3       __initialize_onexit_table  100038e3 f   libucrt:onexit.obj
 0001:00002920       __register_onexit_function 10003920 f   libucrt:onexit.obj
 0001:00002978       ___acrt_uninitialize_command_line 10003978 f   libucrt:argv_data.obj
 0001:00002a38       ___acrt_initialize         10003a38 f   libucrt:initialization.obj
 0001:00002a4a       ___acrt_thread_attach      10003a4a f   libucrt:initialization.obj
 0001:00002a55       ___acrt_thread_detach      10003a55 f   libucrt:initialization.obj
 0001:00002a5d       ___acrt_uninitialize       10003a5d f   libucrt:initialization.obj
 0001:00002a6f       ___acrt_uninitialize_critical 10003a6f f   libucrt:initialization.obj
 0001:00002a81       _terminate                 10003a81 f   libucrt:terminate.obj
 0001:00002abd       __free_base                10003abd f   libucrt:free_base.obj
 0001:00002af7       __malloc_base              10003af7 f   libucrt:malloc_base.obj
 0001:00002b45       _strcpy_s                  10003b45 f   libucrt:strcpy_s.obj
 0001:00002b9f       _abort                     10003b9f f   libucrt:abort.obj
 0001:00002be2       __calloc_base              10003be2 f   libucrt:calloc_base.obj
 0001:00002c3f       ___acrt_call_reportfault   10003c3f f   libucrt:invalid_parameter.obj
 0001:00002d7a       ___acrt_initialize_invalid_parameter_handler 10003d7a f   libucrt:invalid_parameter.obj
 0001:00002d8e       __invalid_parameter        10003d8e f   libucrt:invalid_parameter.obj
 0001:00002e09       __invalid_parameter_noinfo 10003e09 f   libucrt:invalid_parameter.obj
 0001:00002e19       __invoke_watson            10003e19 f   libucrt:invalid_parameter.obj
 0001:00002e4c       ___acrt_errno_from_os_error 10003e4c f   libucrt:errno.obj
 0001:00002e8f       ___acrt_errno_map_os_error 10003e8f f   libucrt:errno.obj
 0001:00002eb2       ___doserrno                10003eb2 f   libucrt:errno.obj
 0001:00002ec5       __errno                    10003ec5 f   libucrt:errno.obj
 0001:00002ed8       ??$?RV<lambda_3518db117f0e7cdb002338c5d3c47b6c>@@AAV<lambda_b2ea41f6bbb362cd97d94c6828d90b61>@@V<lambda_abdedf541bb04549bc734292b4a045d4>@@@?$__crt_seh_guarded_call@X@@QAEX$$QAV<lambda_3518db117f0e7cdb002338c5d3c47b6c>@@AAV<lambda_b2ea41f6bbb362cd97d94c6828d90b61>@@$$QAV<lambda_abdedf541bb04549bc734292b4a045d4>@@@Z 10003ed8 f i libucrt:per_thread_data.obj
 0001:00002f28       ??$?RV<lambda_51b6e8b1eb166f2a3faf91f424b38130>@@AAV<lambda_6250bd4b2a391816dd638c3bf72b0bcb>@@V<lambda_0b5a4a3e68152e1d9b943535f5f47bed>@@@?$__crt_seh_guarded_call@X@@QAEX$$QAV<lambda_51b6e8b1eb166f2a3faf91f424b38130>@@AAV<lambda_6250bd4b2a391816dd638c3bf72b0bcb>@@$$QAV<lambda_0b5a4a3e68152e1d9b943535f5f47bed>@@@Z 10003f28 f i libucrt:per_thread_data.obj
 0001:00002f89       ??$?RV<lambda_5b71d36f03204c0beab531769a5b5694>@@AAV<lambda_be2b3da3f62db62e9dad5dc70221a656>@@V<lambda_8f9ce462984622f9bf76b59e2aaaf805>@@@?$__crt_seh_guarded_call@X@@QAEX$$QAV<lambda_5b71d36f03204c0beab531769a5b5694>@@AAV<lambda_be2b3da3f62db62e9dad5dc70221a656>@@$$QAV<lambda_8f9ce462984622f9bf76b59e2aaaf805>@@@Z 10003f89 f i libucrt:per_thread_data.obj
 0001:00002fd4       ??$?RV<lambda_9df27f884b057bc3edfc946cb5b7cf47>@@AAV<lambda_e69574bed617af4e071282c136b37893>@@V<lambda_cc0d902bcbbeb830f749456577db4721>@@@?$__crt_seh_guarded_call@X@@QAEX$$QAV<lambda_9df27f884b057bc3edfc946cb5b7cf47>@@AAV<lambda_e69574bed617af4e071282c136b37893>@@$$QAV<lambda_cc0d902bcbbeb830f749456577db4721>@@@Z 10003fd4 f i libucrt:per_thread_data.obj
 0001:0000301c       ??$__acrt_lock_and_call@V<lambda_6250bd4b2a391816dd638c3bf72b0bcb>@@@@YAXW4__acrt_lock_id@@$$QAV<lambda_6250bd4b2a391816dd638c3bf72b0bcb>@@@Z 1000401c f i libucrt:per_thread_data.obj
 0001:00003044       ??$__acrt_lock_and_call@V<lambda_b2ea41f6bbb362cd97d94c6828d90b61>@@@@YAXW4__acrt_lock_id@@$$QAV<lambda_b2ea41f6bbb362cd97d94c6828d90b61>@@@Z 10004044 f i libucrt:per_thread_data.obj
 0001:0000306c       ??$__acrt_lock_and_call@V<lambda_be2b3da3f62db62e9dad5dc70221a656>@@@@YAXW4__acrt_lock_id@@$$QAV<lambda_be2b3da3f62db62e9dad5dc70221a656>@@@Z 1000406c f i libucrt:per_thread_data.obj
 0001:00003094       ??$__acrt_lock_and_call@V<lambda_e69574bed617af4e071282c136b37893>@@@@YAXW4__acrt_lock_id@@$$QAV<lambda_e69574bed617af4e071282c136b37893>@@@Z 10004094 f i libucrt:per_thread_data.obj
 0001:0000324a       ___acrt_freeptd            1000424a f   libucrt:per_thread_data.obj
 0001:00003276       ___acrt_getptd             10004276 f   libucrt:per_thread_data.obj
 0001:000032fa       ___acrt_getptd_noexit      100042fa f   libucrt:per_thread_data.obj
 0001:0000337f       ___acrt_initialize_ptd     1000437f f   libucrt:per_thread_data.obj
 0001:000033ab       ___acrt_uninitialize_ptd   100043ab f   libucrt:per_thread_data.obj
 0001:000033c5       ___acrt_update_locale_info 100043c5 f   libucrt:locale_update.obj
 0001:000033f2       ___acrt_update_multibyte_info 100043f2 f   libucrt:locale_update.obj
 0001:0000341f       ___acrt_set_locale_changed 1000441f f   libucrt:wsetlocale.obj
 0001:0000342a       ___acrt_uninitialize_locale 1000442a f   libucrt:wsetlocale.obj
 0001:0000347c       ___acrt_initialize_locks   1000447c f   libucrt:locks.obj
 0001:000034bd       ___acrt_lock               100044bd f   libucrt:locks.obj
 0001:000034d4       ___acrt_uninitialize_locks 100044d4 f   libucrt:locks.obj
 0001:00003505       ___acrt_unlock             10004505 f   libucrt:locks.obj
 0001:00003633       ___acrt_FlsAlloc@4         10004633 f   libucrt:winapi_thunks.obj
 0001:00003689       ___acrt_FlsFree@4          10004689 f   libucrt:winapi_thunks.obj
 0001:000036df       ___acrt_FlsGetValue@4      100046df f   libucrt:winapi_thunks.obj
 0001:00003735       ___acrt_FlsSetValue@8      10004735 f   libucrt:winapi_thunks.obj
 0001:0000378e       ___acrt_InitializeCriticalSectionEx@12 1000478e f   libucrt:winapi_thunks.obj
 0001:000037f0       ___acrt_LCMapStringEx@36   100047f0 f   libucrt:winapi_thunks.obj
 0001:00003878       ___acrt_LocaleNameToLCID@8 10004878 f   libucrt:winapi_thunks.obj
 0001:000038d4       ___acrt_initialize_winapi_thunks 100048d4 f   libucrt:winapi_thunks.obj
 0001:000038fa       ___acrt_is_packaged_app    100048fa f   libucrt:winapi_thunks.obj
 0001:00003981       ___acrt_uninitialize_winapi_thunks 10004981 f   libucrt:winapi_thunks.obj
 0001:000039b7       ??$?RV<lambda_978dc153c237d78434369da87b74ff60>@@AAV<lambda_ad1ced32f4ac17aa236e5ef05d6b3b7c>@@V<lambda_4a8533e2866a575feecb8298ce776b0d>@@@?$__crt_seh_guarded_call@X@@QAEX$$QAV<lambda_978dc153c237d78434369da87b74ff60>@@AAV<lambda_ad1ced32f4ac17aa236e5ef05d6b3b7c>@@$$QAV<lambda_4a8533e2866a575feecb8298ce776b0d>@@@Z 100049b7 f i libucrt:mbctype.obj
 0001:000039fa       ??$__acrt_lock_and_call@V<lambda_ad1ced32f4ac17aa236e5ef05d6b3b7c>@@@@YAXW4__acrt_lock_id@@$$QAV<lambda_ad1ced32f4ac17aa236e5ef05d6b3b7c>@@@Z 100049fa f i libucrt:mbctype.obj
 0001:00003e91       ___acrt_initialize_multibyte 10004e91 f   libucrt:mbctype.obj
 0001:00003eaf       ___acrt_update_thread_multibyte_data 10004eaf f   libucrt:mbctype.obj
 0001:00003f51       __setmbcp_nolock           10004f51 f   libucrt:mbctype.obj
 0001:000041fa       ___dcrt_get_narrow_environment_from_os 100051fa f   libucrt:get_environment_from_os.obj
 0001:0000427d       __recalloc                 1000527d f   libucrt:recalloc.obj
 0001:00004288       __recalloc_base            10005288 f   libucrt:recalloc.obj
 0001:000042f5       ___acrt_initialize_heap    100052f5 f   libucrt:heap_handle.obj
 0001:00004306       ___acrt_uninitialize_heap  10005306 f   libucrt:heap_handle.obj
 0001:0000447c       ___acrt_initialize_lowio   1000547c f   libucrt:ioinit.obj
 0001:000044d2       ___acrt_uninitialize_lowio 100054d2 f   libucrt:ioinit.obj
 0001:000044fe       ___acrt_initialize_command_line 100054fe f   libucrt:argv_data.obj
 0001:00004517       ___acrt_execute_initializers 10005517 f   libucrt:shared_initialization.obj
 0001:0000459a       ___acrt_execute_uninitializers 1000559a f   libucrt:shared_initialization.obj
 0001:000045e7       ?initialize@?$dual_state_global@P6AHPAU_exception@@@Z@__crt_state_management@@QAEXQ6AHPAU_exception@@@Z@Z 100055e7 f i libucrt:matherr.obj
 0001:000045e7       ?initialize@?$dual_state_global@PAU__crt_locale_data@@@__crt_state_management@@QAEXQAU__crt_locale_data@@@Z 100055e7 f i libucrt:initialization.obj
 0001:000045e7       ?initialize@?$dual_state_global@P6AXH@Z@__crt_state_management@@QAEXQ6AXH@Z@Z 100055e7 f i libucrt:signal.obj
 0001:000045e7       ?initialize@?$dual_state_global@P6AHI@Z@__crt_state_management@@QAEXQ6AHI@Z@Z 100055e7 f i libucrt:new_handler.obj
 0001:000045e7       ?initialize@?$dual_state_global@P6AXPB_W00II@Z@__crt_state_management@@QAEXQ6AXPB_W00II@Z@Z 100055e7 f i libucrt:invalid_parameter.obj
 0001:000045e7       ?initialize@?$dual_state_global@PAPAD@__crt_state_management@@QAEXQAPAD@Z 100055e7 f i libucrt:environment_initialization.obj
 0001:00004618       ___acrt_initialize_new_handler 10005618 f   libucrt:new_handler.obj
 0001:0000462c       __callnewh                 1000562c f   libucrt:new_handler.obj
 0001:00004670       __query_new_handler        10005670 f   libucrt:new_handler.obj
 0001:000046c2       ??$?RV<lambda_a048d3beccc847880fc8490e18b82769>@@AAV<lambda_ec61778202f4f5fc7e7711acc23c3bca>@@V<lambda_f7496a158712204296dd6628a163878e>@@@?$__crt_seh_guarded_call@P6AXH@Z@@QAEP6AXH@Z$$QAV<lambda_a048d3beccc847880fc8490e18b82769>@@AAV<lambda_ec61778202f4f5fc7e7711acc23c3bca>@@$$QAV<lambda_f7496a158712204296dd6628a163878e>@@@Z 100056c2 f i libucrt:signal.obj
 0001:0000471c       ??$__acrt_lock_and_call@V<lambda_ec61778202f4f5fc7e7711acc23c3bca>@@@@YAP6AXH@ZW4__acrt_lock_id@@$$QAV<lambda_ec61778202f4f5fc7e7711acc23c3bca>@@@Z 1000571c f i libucrt:signal.obj
 0001:000047ae       ___acrt_get_sigabrt_handler 100057ae f   libucrt:signal.obj
 0001:000047c5       ___acrt_initialize_signal_handlers 100057c5 f   libucrt:signal.obj
 0001:00004800       ___fpecode                 10005800 f   libucrt:signal.obj
 0001:00004809       _raise                     10005809 f   libucrt:signal.obj
 0001:00004a11       ___acrt_has_user_matherr   10005a11 f   libucrt:matherr.obj
 0001:00004a2a       ___acrt_initialize_user_matherr 10005a2a f   libucrt:matherr.obj
 0001:00004a3e       ___acrt_invoke_user_matherr 10005a3e f   libucrt:matherr.obj
 0001:00004a87       __query_new_mode           10005a87 f   libucrt:new_mode.obj
 0001:00004a8d       __mbtowc_l                 10005a8d f   libucrt:mbtowc.obj
 0001:00004b87       _mbtowc                    10005b87 f   libucrt:mbtowc.obj
 0001:00004ba1       __fileno                   10005ba1 f   libucrt:fileno.obj
 0001:00004bc7       ___acrt_initialize_stdio   10005bc7 f   libucrt:_file.obj
 0001:00004c8f       ___acrt_uninitialize_stdio 10005c8f f   libucrt:_file.obj
 0001:00004cdb       __lock_file                10005cdb f   libucrt:_file.obj
 0001:00004cef       __unlock_file              10005cef f   libucrt:_file.obj
 0001:00004d03       ___pctype_func             10005d03 f   libucrt:ctype.obj
 0001:00004d29       __isleadbyte_l             10005d29 f i libucrt:_wctype.obj
 0001:00004f7f       ___acrt_LCMapStringA       10005f7f f   libucrt:lcmapstringa.obj
 0001:00004fca       __freea_crt                10005fca f i libucrt:lcmapstringa.obj
 0001:00004fea       ___acrt_add_locale_ref     10005fea f   libucrt:locale_refcounting.obj
 0001:00005067       ___acrt_free_locale        10006067 f   libucrt:locale_refcounting.obj
 0001:000051b1       ___acrt_locale_add_lc_time_reference 100061b1 f   libucrt:locale_refcounting.obj
 0001:000051da       ___acrt_locale_free_lc_time_if_unreferenced 100061da f   libucrt:locale_refcounting.obj
 0001:0000520a       ___acrt_locale_release_lc_time_reference 1000620a f   libucrt:locale_refcounting.obj
 0001:00005233       ___acrt_release_locale_ref 10006233 f   libucrt:locale_refcounting.obj
 0001:000052b4       ___acrt_update_thread_locale_data 100062b4 f   libucrt:locale_refcounting.obj
 0001:0000532b       __updatetlocinfoEx_nolock  1000632b f   libucrt:locale_refcounting.obj
 0001:0000537b       ___acrt_locale_free_monetary 1000637b f   libucrt:initmon.obj
 0001:00005479       ___acrt_locale_free_numeric 10006479 f   libucrt:initnum.obj
 0001:0000551e       ___acrt_locale_free_time   1000651e f   libucrt:inittime.obj
 0001:00005602       ___acrt_GetStringTypeA     10006602 f   libucrt:getstringtypea.obj
 0001:000057db       ___acrt_DownlevelLocaleNameToLCID 100067db f   libucrt:lcidtoname_downlevel.obj
 0001:00005816       __msize                    10006816 f   libucrt:msize.obj
 0001:00005849       __realloc_base             10006849 f   libucrt:realloc_base.obj
 0001:000058b2       ___acrt_lowio_create_handle_array 100068b2 f   libucrt:osfinfo.obj
 0001:0000592c       ___acrt_lowio_destroy_handle_array 1000692c f   libucrt:osfinfo.obj
 0001:00005961       ___acrt_lowio_ensure_fh_exists 10006961 f   libucrt:osfinfo.obj
 0001:000059f9       ___acrt_lowio_lock_fh      100069f9 f   libucrt:osfinfo.obj
 0001:00005a1c       ___acrt_lowio_unlock_fh    10006a1c f   libucrt:osfinfo.obj
 0001:00005a3f       __free_osfhnd              10006a3f f   libucrt:osfinfo.obj
 0001:00005ad0       __get_osfhandle            10006ad0 f   libucrt:osfinfo.obj
 0001:00005b3a       __isatty                   10006b3a f   libucrt:isatty.obj
 0001:00005b90       ___acrt_stdio_flush_nolock 10006b90 f   libucrt:fflush.obj
 0001:00005bf6       __fflush_nolock            10006bf6 f   libucrt:fflush.obj
 0001:00005c3d       __flushall                 10006c3d f   libucrt:fflush.obj
 0001:00005d1e       __fcloseall                10006d1e f   libucrt:closeall.obj
 0001:00005dbe       ___acrt_stdio_free_buffer_nolock 10006dbe f   libucrt:_freebuf.obj
 0001:00005dfc       ___strncnt                 10006dfc f   libucrt:strncnt.obj
 0001:00005e18       __query_app_type           10006e18 f   libucrt:report_runtime_error.obj
 0001:00005e1e       ??$?RV<lambda_61cee617f5178ae960314fd4d05640a0>@@AAV<lambda_6978c1fb23f02e42e1d9e99668cc68aa>@@V<lambda_9cd88cf8ad10232537feb2133f08c833>@@@?$__crt_seh_guarded_call@H@@QAEH$$QAV<lambda_61cee617f5178ae960314fd4d05640a0>@@AAV<lambda_6978c1fb23f02e42e1d9e99668cc68aa>@@$$QAV<lambda_9cd88cf8ad10232537feb2133f08c833>@@@Z 10006e1e f i libucrt:commit.obj
 0001:00005eb6       ??$__acrt_lowio_lock_fh_and_call@V<lambda_6978c1fb23f02e42e1d9e99668cc68aa>@@@@YAHH$$QAV<lambda_6978c1fb23f02e42e1d9e99668cc68aa>@@@Z 10006eb6 f i libucrt:commit.obj
 0001:00005ede       __commit                   10006ede f   libucrt:commit.obj
 0001:000064dd       __write                    100074dd f   libucrt:write.obj
 0001:000065c8       __write_nolock             100075c8 f   libucrt:write.obj
 0001:000067e0       _log10                     100077e0 f   libucrt:log10.obj
 0001:00006820       __CIlog10                  10007820 f   libucrt:log10.obj
 0001:0000685b       __CIlog10_default          1000785b f   libucrt:log10.obj
 0001:0000686f       __log10_default            1000786f     libucrt:log10.obj
 0001:00006930       _ceil                      10007930 f   libucrt:ceil_pentium4.obj
 0001:00006970       __ceil_pentium4            10007970 f   libucrt:ceil_pentium4.obj
 0001:00006acb       __lseeki64_nolock          10007acb f   libucrt:lseek.obj
 0001:00006ae6       __fclose_nolock            10007ae6 f   libucrt:fclose.obj
 0001:00006b5c       _fclose                    10007b5c f   libucrt:fclose.obj
 0001:00006be0       ___ascii_strnicmp          10007be0 f   libucrt:_strnicm.obj
 0001:00006c41       __putwch_nolock            10007c41 f   libucrt:putwch.obj
 0001:00006c86       ___acrt_initialize_sse2    10007c86 f   libucrt:mathfcns.obj
 0001:00006ca0       __CIlog10_pentium4         10007ca0 f   libucrt:log10_pentium4.obj
 0001:00006cb8       __log10_pentium4           10007cb8     libucrt:log10_pentium4.obj
 0001:00006f41       __fFEXP                    10007f41     libucrt:87tran.obj
 0001:00006f98       __rtinfpopse               10007f98     libucrt:87tran.obj
 0001:00006f9a       __rtinfnpopse              10007f9a     libucrt:87tran.obj
 0001:00006faa       __fFLN                     10007faa     libucrt:87tran.obj
 0001:0000705f       __rtinfpop                 1000805f     libucrt:87tran.obj
 0001:00007061       __rtinfnpop                10008061     libucrt:87tran.obj
 0001:0000707e       __ffexpm1                  1000807e     libucrt:87tran.obj
 0001:00007130       __trandisp1                10008130 f   libucrt:87disp.obj
 0001:00007197       __trandisp2                10008197 f   libucrt:87disp.obj
 0001:00007223       __rttospopde               10008223     libucrt:87disp.obj
 0001:00007228       __rttospop                 10008228     libucrt:87disp.obj
 0001:0000722a       __rtnospop                 1000822a     libucrt:87disp.obj
 0001:0000722c       __rttosnpop                1000822c     libucrt:87disp.obj
 0001:0000722d       __rtnospopde               1000822d     libucrt:87disp.obj
 0001:00007234       __rtzeropop                10008234     libucrt:87disp.obj
 0001:00007236       __rtzeronpop               10008236     libucrt:87disp.obj
 0001:0000723b       __rtzerospop               1000823b     libucrt:87disp.obj
 0001:00007248       __rtonepop                 10008248     libucrt:87disp.obj
 0001:0000724a       __rtonenpop                1000824a     libucrt:87disp.obj
 0001:0000724f       __tosnan1                  1000824f     libucrt:87disp.obj
 0001:0000727a       __nosnan2                  1000827a     libucrt:87disp.obj
 0001:0000727c       __tosnan2                  1000827c     libucrt:87disp.obj
 0001:000072a4       __nan2                     100082a4     libucrt:87disp.obj
 0001:000072e3       __rtindfpop                100082e3     libucrt:87disp.obj
 0001:000072e5       __rtindfnpop               100082e5     libucrt:87disp.obj
 0001:000072f6       __rttosnpopde              100082f6     libucrt:87disp.obj
 0001:00007300       __rtatan2inf               10008300     libucrt:87disp.obj
 0001:0000731d       __rtchsifneg               1000831d     libucrt:87disp.obj
 0001:00007330       __twoToTOS                 10008330 f   libucrt:common.obj
 0001:00007345       __load_CW                  10008345 f   libucrt:common.obj
 0001:0000735c       __convertTOStoQNaN         1000835c f   libucrt:common.obj
 0001:00007375       __fload_withFB             10008375 f   libucrt:common.obj
 0001:000073b8       __checkTOS_withFB          100083b8 f   libucrt:common.obj
 0001:000073ce       __fast_exit                100083ce f   libucrt:common.obj
 0001:000073db       __math_exit                100083db f   libucrt:common.obj
 0001:00007405       __check_overflow_exit      10008405 f   libucrt:common.obj
 0001:00007419       __check_range_exit         10008419 f   libucrt:common.obj
 0001:000074c0       __startTwoArgErrorHandling 100084c0 f   libucrt:genexcep.obj
 0001:000074d7       __startOneArgErrorHandling 100084d7 f   libucrt:genexcep.obj
 0001:00007513       ___libm_error_support      10008513 f   libucrt:libm_error.obj
 0001:0000772b       __ceil_default             1000872b f   libucrt:ceil.obj
 0001:000077e4       ??$?RV<lambda_123407a5e2ac06da108355a851863b7a>@@AAV<lambda_2fe9b910cf3cbf4a0ab98a02ba45b3ec>@@V<lambda_ae55bdf541ad94d75914d381c370e64d>@@@?$__crt_seh_guarded_call@H@@QAEH$$QAV<lambda_123407a5e2ac06da108355a851863b7a>@@AAV<lambda_2fe9b910cf3cbf4a0ab98a02ba45b3ec>@@$$QAV<lambda_ae55bdf541ad94d75914d381c370e64d>@@@Z 100087e4 f i libucrt:close.obj
 0001:00007866       ??$__acrt_lowio_lock_fh_and_call@V<lambda_2fe9b910cf3cbf4a0ab98a02ba45b3ec>@@@@YAHH$$QAV<lambda_2fe9b910cf3cbf4a0ab98a02ba45b3ec>@@@Z 10008866 f i libucrt:close.obj
 0001:0000788e       __close                    1000888e f   libucrt:close.obj
 0001:0000790d       __close_nolock             1000890d f   libucrt:close.obj
 0001:000079a9       ?__acrt_stdio_free_stream@@YAXV__crt_stdio_stream@@@Z 100089a9 f   libucrt:stream.obj
 0001:000079e4       ___dcrt_lowio_initialize_console_output 100089e4 f   libucrt:initcon.obj
 0001:00007a03       ___dcrt_terminate_console_output 10008a03 f   libucrt:initcon.obj
 0001:00007a1a       __clrfp                    10008a1a f   libucrt:fpctrl.obj
 0001:00007a2d       __ctrlfp                   10008a2d f   libucrt:fpctrl.obj
 0001:00007a59       __set_statfp               10008a59 f   libucrt:fpctrl.obj
 0001:00007ab4       __statfp                   10008ab4 f   libucrt:fpctrl.obj
 0001:00007ac6       __d_inttype                10008ac6 f   libucrt:powhlp.obj
 0001:00007b30       __powhlp                   10008b30 f   libucrt:powhlp.obj
 0001:00007c5b       __87except                 10008c5b f   libucrt:87except.obj
 0001:00007d66       __frnd                     10008d66 f   libucrt:frnd.obj
 0001:00007d7c       __errcode                  10008d7c f   libucrt:fpexcept.obj
 0001:00007db0       __except1                  10008db0 f   libucrt:fpexcept.obj
 0001:00007e7e       __handle_exc               10008e7e f   libucrt:fpexcept.obj
 0001:0000805e       __raise_exc                1000905e f   libucrt:fpexcept.obj
 0001:00008081       __raise_exc_ex             10009081 f   libucrt:fpexcept.obj
 0001:00008372       __set_errno_from_matherr   10009372 f   libucrt:fpexcept.obj
 0001:000083a1       __umatherr                 100093a1 f   libucrt:fpexcept.obj
 0001:00008443       __decomp                   10009443 f   libucrt:util.obj
 0001:00008517       __set_exp                  10009517 f   libucrt:util.obj
 0001:00008546       __sptype                   10009546 f   libucrt:util.obj
 0001:000085a4       __fpclass                  100095a4 f   libucrt:ieeemisc.obj
 0001:00008648       _IsProcessorFeaturePresent@4 10009648 f   kernel32:KERNEL32.dll
 0001:0000864e       _RtlUnwind@16              1000964e f   kernel32:KERNEL32.dll
 0001:00008654       _SystemFunction036@8       10009654 f   advapi32:ADVAPI32.dll
 0001:00008660       __FindPESection            10009660 f   LIBCMT:pesect.obj
 0001:000086b0       __IsNonwritableInCurrentImage 100096b0 f   LIBCMT:pesect.obj
 0001:00008770       __ValidateImageBase        10009770 f   LIBCMT:pesect.obj
 0001:000087b0       __aulldvrm                 100097b0 f   LIBCMT:ulldvrm.obj
 0001:00008850       __SEH_prolog4_GS           10009850 f   LIBCMT:_sehprolg4gs_.obj
 0001:00008899       __SEH_epilog4_GS           10009899 f   LIBCMT:_sehprolg4gs_.obj
 0001:000088b0       __allmul                   100098b0 f   LIBCMT:llmul.obj
 0001:000088f0       __alldvrm                  100098f0 f   LIBCMT:lldvrm.obj
 0001:000089d0       __aullshr                  100099d0 f   LIBCMT:ullshr.obj
 0001:000089f0       __alloca_probe_16          100099f0 f   LIBCMT:alloca16.obj
 0001:00008a06       __alloca_probe_8           10009a06     LIBCMT:alloca16.obj
 0001:00008a20       __allshl                   10009a20 f   LIBCMT:llshl.obj
 0001:00008a40       __ftol2_sse                10009a40 f   LIBCMT:_ftol2_.obj
 0001:00008a49       __ftol2_pentium4           10009a49 f   LIBCMT:_ftol2_.obj
 0001:00008a5c       __ftol2_sse_excpt          10009a5c f   LIBCMT:_ftol2_.obj
 0001:00008a80       __ftol2                    10009a80 f   LIBCMT:_ftol2_.obj
 0001:00008b00       __chkstk                   10009b00 f   LIBCMT:chkstk.obj
 0001:00008b00       __alloca_probe             10009b00 f   LIBCMT:chkstk.obj
 0001:00008b30       _memcpy                    10009b30 f   libvcruntime:memcpy.obj
 0001:000090b0       _strchr                    1000a0b0 f   libvcruntime:strchr.obj
 0001:0000911e       ___from_strstr_to_strchr   1000a11e     libvcruntime:strchr.obj
 0001:000091e0       _memmove                   1000a1e0 f   libvcruntime:memmove.obj
 0001:00009760       _strrchr                   1000a760 f   libvcruntime:strrchr.obj
 0002:00000000       __imp__SystemFunction036@8 1000b000     advapi32:ADVAPI32.dll
 0002:00000004       \177ADVAPI32_NULL_THUNK_DATA 1000b004     advapi32:ADVAPI32.dll
 0002:00000008       __imp__RaiseException@16   1000b008     kernel32:KERNEL32.dll
 0002:0000000c       __imp__CreateFileW@28      1000b00c     kernel32:KERNEL32.dll
 0002:00000010       __imp__DecodePointer@4     1000b010     kernel32:KERNEL32.dll
 0002:00000014       __imp__WriteConsoleW@20    1000b014     kernel32:KERNEL32.dll
 0002:00000018       __imp__CloseHandle@4       1000b018     kernel32:KERNEL32.dll
 0002:0000001c       __imp__SetFilePointerEx@20 1000b01c     kernel32:KERNEL32.dll
 0002:00000020       __imp__GetConsoleMode@8    1000b020     kernel32:KERNEL32.dll
 0002:00000024       __imp__GetConsoleCP@0      1000b024     kernel32:KERNEL32.dll
 0002:00000028       __imp__FlushFileBuffers@4  1000b028     kernel32:KERNEL32.dll
 0002:0000002c       __imp__WriteFile@20        1000b02c     kernel32:KERNEL32.dll
 0002:00000030       __imp__SetStdHandle@8      1000b030     kernel32:KERNEL32.dll
 0002:00000034       __imp__HeapReAlloc@16      1000b034     kernel32:KERNEL32.dll
 0002:00000038       __imp__HeapSize@12         1000b038     kernel32:KERNEL32.dll
 0002:0000003c       __imp__GetStringTypeW@16   1000b03c     kernel32:KERNEL32.dll
 0002:00000040       __imp__GetCommandLineW@0   1000b040     kernel32:KERNEL32.dll
 0002:00000044       __imp__GetCommandLineA@0   1000b044     kernel32:KERNEL32.dll
 0002:00000048       __imp__GetFileType@4       1000b048     kernel32:KERNEL32.dll
 0002:0000004c       __imp__GetStdHandle@4      1000b04c     kernel32:KERNEL32.dll
 0002:00000050       __imp__UnhandledExceptionFilter@4 1000b050     kernel32:KERNEL32.dll
 0002:00000054       __imp__SetUnhandledExceptionFilter@4 1000b054     kernel32:KERNEL32.dll
 0002:00000058       __imp__GetCurrentProcess@0 1000b058     kernel32:KERNEL32.dll
 0002:0000005c       __imp__TerminateProcess@8  1000b05c     kernel32:KERNEL32.dll
 0002:00000060       __imp__IsProcessorFeaturePresent@4 1000b060     kernel32:KERNEL32.dll
 0002:00000064       __imp__QueryPerformanceCounter@4 1000b064     kernel32:KERNEL32.dll
 0002:00000068       __imp__GetCurrentProcessId@0 1000b068     kernel32:KERNEL32.dll
 0002:0000006c       __imp__GetCurrentThreadId@0 1000b06c     kernel32:KERNEL32.dll
 0002:00000070       __imp__GetSystemTimeAsFileTime@4 1000b070     kernel32:KERNEL32.dll
 0002:00000074       __imp__InitializeSListHead@4 1000b074     kernel32:KERNEL32.dll
 0002:00000078       __imp__IsDebuggerPresent@0 1000b078     kernel32:KERNEL32.dll
 0002:0000007c       __imp__GetStartupInfoW@4   1000b07c     kernel32:KERNEL32.dll
 0002:00000080       __imp__GetModuleHandleW@4  1000b080     kernel32:KERNEL32.dll
 0002:00000084       __imp__GetLastError@0      1000b084     kernel32:KERNEL32.dll
 0002:00000088       __imp__GetModuleFileNameW@12 1000b088     kernel32:KERNEL32.dll
 0002:0000008c       __imp__InterlockedFlushSList@4 1000b08c     kernel32:KERNEL32.dll
 0002:00000090       __imp__InitializeCriticalSectionAndSpinCount@8 1000b090     kernel32:KERNEL32.dll
 0002:00000094       __imp__TlsAlloc@0          1000b094     kernel32:KERNEL32.dll
 0002:00000098       __imp__TlsGetValue@4       1000b098     kernel32:KERNEL32.dll
 0002:0000009c       __imp__TlsSetValue@8       1000b09c     kernel32:KERNEL32.dll
 0002:000000a0       __imp__TlsFree@4           1000b0a0     kernel32:KERNEL32.dll
 0002:000000a4       __imp__FreeLibrary@4       1000b0a4     kernel32:KERNEL32.dll
 0002:000000a8       __imp__GetProcAddress@8    1000b0a8     kernel32:KERNEL32.dll
 0002:000000ac       __imp__LoadLibraryExW@12   1000b0ac     kernel32:KERNEL32.dll
 0002:000000b0       __imp__RtlUnwind@16        1000b0b0     kernel32:KERNEL32.dll
 0002:000000b4       __imp__SetLastError@4      1000b0b4     kernel32:KERNEL32.dll
 0002:000000b8       __imp__EnterCriticalSection@4 1000b0b8     kernel32:KERNEL32.dll
 0002:000000bc       __imp__LeaveCriticalSection@4 1000b0bc     kernel32:KERNEL32.dll
 0002:000000c0       __imp__DeleteCriticalSection@4 1000b0c0     kernel32:KERNEL32.dll
 0002:000000c4       __imp__ExitProcess@4       1000b0c4     kernel32:KERNEL32.dll
 0002:000000c8       __imp__GetModuleHandleExW@12 1000b0c8     kernel32:KERNEL32.dll
 0002:000000cc       __imp__MultiByteToWideChar@24 1000b0cc     kernel32:KERNEL32.dll
 0002:000000d0       __imp__WideCharToMultiByte@32 1000b0d0     kernel32:KERNEL32.dll
 0002:000000d4       __imp__HeapFree@12         1000b0d4     kernel32:KERNEL32.dll
 0002:000000d8       __imp__HeapAlloc@12        1000b0d8     kernel32:KERNEL32.dll
 0002:000000dc       __imp__GetACP@0            1000b0dc     kernel32:KERNEL32.dll
 0002:000000e0       __imp__LCMapStringW@24     1000b0e0     kernel32:KERNEL32.dll
 0002:000000e4       __imp__IsValidCodePage@4   1000b0e4     kernel32:KERNEL32.dll
 0002:000000e8       __imp__GetOEMCP@0          1000b0e8     kernel32:KERNEL32.dll
 0002:000000ec       __imp__GetCPInfo@8         1000b0ec     kernel32:KERNEL32.dll
 0002:000000f0       __imp__GetEnvironmentStringsW@0 1000b0f0     kernel32:KERNEL32.dll
 0002:000000f4       __imp__FreeEnvironmentStringsW@4 1000b0f4     kernel32:KERNEL32.dll
 0002:000000f8       __imp__GetProcessHeap@0    1000b0f8     kernel32:KERNEL32.dll
 0002:000000fc       \177KERNEL32_NULL_THUNK_DATA 1000b0fc     kernel32:KERNEL32.dll
 0002:00000100       __imp__node_module_register 1000b100     node:node.dll
 0002:00000104       __imp_?New@ObjectTemplate@v8@@SA?AV?$Local@VObjectTemplate@v8@@@2@PAVIsolate@2@V?$Local@VFunctionTemplate@v8@@@2@@Z 1000b104     node:node.dll
 0002:00000108       __imp_?NewInstance@ObjectTemplate@v8@@QAE?AV?$MaybeLocal@VObject@v8@@@2@V?$Local@VContext@v8@@@2@@Z 1000b108     node:node.dll
 0002:0000010c       __imp_?SetInternalFieldCount@ObjectTemplate@v8@@QAEXH@Z 1000b10c     node:node.dll
 0002:00000110       __imp_?Set@Object@v8@@QAE_NV?$Local@VValue@v8@@@2@0@Z 1000b110     node:node.dll
 0002:00000114       __imp_?SetInternalField@Object@v8@@QAEXHV?$Local@VValue@v8@@@2@@Z 1000b114     node:node.dll
 0002:00000118       __imp_?SlowGetInternalField@Object@v8@@AAE?AV?$Local@VValue@v8@@@2@H@Z 1000b118     node:node.dll
 0002:0000011c       __imp_?NewFromUtf8@String@v8@@SA?AV?$MaybeLocal@VString@v8@@@2@PAVIsolate@2@PBDW4NewStringType@2@H@Z 1000b11c     node:node.dll
 0002:00000120       __imp_??0EscapableHandleScope@v8@@QAE@PAVIsolate@1@@Z 1000b120     node:node.dll
 0002:00000124       __imp_?Escape@EscapableHandleScope@v8@@AAEPAPAVObject@internal@2@PAPAV342@@Z 1000b124     node:node.dll
 0002:00000128       __imp_?ToLocalEmpty@V8@v8@@CAXXZ 1000b128     node:node.dll
 0002:0000012c       __imp_?New@FunctionTemplate@v8@@SA?AV?$Local@VFunctionTemplate@v8@@@2@PAVIsolate@2@P6AXABV?$FunctionCallbackInfo@VValue@v8@@@2@@ZV?$Local@VValue@v8@@@2@V?$Local@VSignature@v8@@@2@H@Z 1000b12c     node:node.dll
 0002:00000130       __imp_?GetFunction@FunctionTemplate@v8@@QAE?AV?$Local@VFunction@v8@@@2@XZ 1000b130     node:node.dll
 0002:00000134       __imp_??1HandleScope@v8@@QAE@XZ 1000b134     node:node.dll
 0002:00000138       __imp_?CreateHandle@HandleScope@v8@@CAPAPAVObject@internal@2@PAVHeapObject@42@PAV342@@Z 1000b138     node:node.dll
 0002:0000013c       __imp_?CreateHandle@HandleScope@v8@@KAPAPAVObject@internal@2@PAVIsolate@42@PAV342@@Z 1000b13c     node:node.dll
 0002:00000140       __imp_?GetCurrent@Isolate@v8@@SAPAV12@XZ 1000b140     node:node.dll
 0002:00000144       __imp_?GetCurrentContext@Isolate@v8@@QAE?AV?$Local@VContext@v8@@@2@XZ 1000b144     node:node.dll
 0002:00000148       __imp_?New@External@v8@@SA?AV?$Local@VExternal@v8@@@2@PAVIsolate@2@PAX@Z 1000b148     node:node.dll
 0002:0000014c       __imp_?Value@External@v8@@QBEPAXXZ 1000b14c     node:node.dll
 0002:00000150       \177node_NULL_THUNK_DATA   1000b150     node:node.dll
 0002:00000154       ___guard_check_icall_fptr  1000b154     LIBCMT:guard_support.obj
 0002:00000158       ___xc_a                    1000b158     LIBCMT:initializers.obj
 0002:0000015c       __register_load_cell_addon_ 1000b15c     load_cell_addon.obj
 0002:00000160       ___xc_z                    1000b160     LIBCMT:initializers.obj
 0002:00000164       ___xi_a                    1000b164     LIBCMT:initializers.obj
 0002:00000168       ___acrt_multibyte_initializer 1000b168     libucrt:multibyte_initializer.obj
 0002:0000016c       ___acrt_stdio_initializer  1000b16c     libucrt:stdio_initializer.obj
 0002:00000170       ___acrt_tran_sse2_initializer 1000b170     libucrt:sse2_initializer.obj
 0002:00000174       ___xi_z                    1000b174     LIBCMT:initializers.obj
 0002:00000178       ___xp_a                    1000b178     LIBCMT:initializers.obj
 0002:0000017c       ___acrt_locale_terminator  1000b17c     libucrt:locale_initializer.obj
 0002:00000180       ___dcrt_console_output_terminator 1000b180     libucrt:console_output_initializer.obj
 0002:00000184       ___acrt_stdio_terminator   1000b184     libucrt:stdio_initializer.obj
 0002:00000188       ___xp_z                    1000b188     LIBCMT:initializers.obj
 0002:0000018c       ___xt_a                    1000b18c     LIBCMT:initializers.obj
 0002:00000190       ___xt_z                    1000b190     LIBCMT:initializers.obj
 0002:000001a0       __pRawDllMain              1000b1a0     LIBCMT:dll_dllmain.obj
 0002:000001a0       __pDefaultRawDllMain       1000b1a0     LIBCMT:dll_dllmain.obj
 0002:000001ac       __Microsoft_CRTProvider    1000b1ac     libvcruntime:telemetry.obj
 0002:000001b0       ??_C@_00CNPNBAHC@?$AA@     1000b1b0     libvcruntime:telemetry.obj
 0002:000001b4       ??_C@_11LOCGONAA@?$AA?$AA@ 1000b1b4     libvcruntime:telemetry.obj
 0002:000001b8       ??_C@_0O@JEOPJOMI@Main?5Invoked?4?$AA@ 1000b1b8     libvcruntime:telemetry.obj
 0002:000001c8       ??_C@_0P@NEAEIBDO@Main?5Returned?4?$AA@ 1000b1c8     libvcruntime:telemetry.obj
 0002:000001e8       ??_C@_1BC@DNHGCMLG@?$AAa?$AAd?$AAv?$AAa?$AAp?$AAi?$AA3?$AA2?$AA?$AA@ 1000b1e8     libvcruntime:winapi_downlevel.obj
 0002:000001fc       ??_C@_1DM@KHCHBNEB@?$AAa?$AAp?$AAi?$AA?9?$AAm?$AAs?$AA?9?$AAw?$AAi?$AAn?$AA?9?$AAc?$AAo?$AAr?$AAe?$AA?9?$AAf?$AAi?$AAb?$AAe?$AAr?$AAs?$AA?9?$AAl?$AA1?$AA?9?$AA1?$AA?9?$AA1?$AA?$AA@ 1000b1fc     libvcruntime:winapi_downlevel.obj
 0002:00000238       ??_C@_1DK@LPPGFMPP@?$AAa?$AAp?$AAi?$AA?9?$AAm?$AAs?$AA?9?$AAw?$AAi?$AAn?$AA?9?$AAc?$AAo?$AAr?$AAe?$AA?9?$AAs?$AAy?$AAn?$AAc?$AAh?$AA?9?$AAl?$AA1?$AA?9?$AA2?$AA?9?$AA0?$AA?$AA@ 1000b238     libvcruntime:winapi_downlevel.obj
 0002:00000274       ??_C@_1BC@GDMECMAK@?$AAk?$AAe?$AAr?$AAn?$AAe?$AAl?$AA3?$AA2?$AA?$AA@ 1000b274     libvcruntime:winapi_downlevel.obj
 0002:0000028c       ??_C@_0O@BAMBGLIE@EventRegister?$AA@ 1000b28c     libvcruntime:winapi_downlevel.obj
 0002:000002a0       ??_C@_0BE@BJEEGHGK@EventSetInformation?$AA@ 1000b2a0     libvcruntime:winapi_downlevel.obj
 0002:000002b8       ??_C@_0BA@FAKLIPIC@EventUnregister?$AA@ 1000b2b8     libvcruntime:winapi_downlevel.obj
 0002:000002cc       ??_C@_0BD@PKLHJPHD@EventWriteTransfer?$AA@ 1000b2cc     libvcruntime:winapi_downlevel.obj
 0002:000002e8       ??_C@_08KNHFBNJ@FlsAlloc?$AA@ 1000b2e8     libvcruntime:winapi_downlevel.obj
 0002:000002fc       ??_C@_07PEJMOBNF@FlsFree?$AA@ 1000b2fc     libvcruntime:winapi_downlevel.obj
 0002:0000030c       ??_C@_0M@GDNOONDI@FlsGetValue?$AA@ 1000b30c     libvcruntime:winapi_downlevel.obj
 0002:00000320       ??_C@_0M@JCPCPOEF@FlsSetValue?$AA@ 1000b320     libvcruntime:winapi_downlevel.obj
 0002:00000334       ??_C@_0BM@HCFOFFN@InitializeCriticalSectionEx?$AA@ 1000b334     libvcruntime:winapi_downlevel.obj
 0002:000004e0       ??_C@_08EHJDFFNH@__based?$CI?$AA@ 1000b4e0     libvcruntime:undname.obj
 0002:000004ec       ??_C@_07KOLFKCDI@__cdecl?$AA@ 1000b4ec     libvcruntime:undname.obj
 0002:000004f4       ??_C@_08GHMPAG@__pascal?$AA@ 1000b4f4     libvcruntime:undname.obj
 0002:00000500       ??_C@_09IFJBGAPI@__stdcall?$AA@ 1000b500     libvcruntime:undname.obj
 0002:0000050c       ??_C@_0L@NPHFGOKO@__thiscall?$AA@ 1000b50c     libvcruntime:undname.obj
 0002:00000518       ??_C@_0L@JMKHOMEK@__fastcall?$AA@ 1000b518     libvcruntime:undname.obj
 0002:00000524       ??_C@_0N@BCKKPABJ@__vectorcall?$AA@ 1000b524     libvcruntime:undname.obj
 0002:00000534       ??_C@_09HIJEGCPM@__clrcall?$AA@ 1000b534     libvcruntime:undname.obj
 0002:00000540       ??_C@_06GHPCKEAG@__eabi?$AA@ 1000b540     libvcruntime:undname.obj
 0002:00000548       ??_C@_07JOMMBBKO@__ptr64?$AA@ 1000b548     libvcruntime:undname.obj
 0002:00000550       ??_C@_0L@PILCLIHE@__restrict?$AA@ 1000b550     libvcruntime:undname.obj
 0002:0000055c       ??_C@_0M@GFIIJFMG@__unaligned?$AA@ 1000b55c     libvcruntime:undname.obj
 0002:00000568       ??_C@_09DHDLOLLB@restrict?$CI?$AA@ 1000b568     libvcruntime:undname.obj
 0002:00000574       ??_C@_04NIHEBCM@?5new?$AA@ 1000b574     libvcruntime:undname.obj
 0002:0000057c       ??_C@_07FPCDHGMM@?5delete?$AA@ 1000b57c     libvcruntime:undname.obj
 0002:00000584       ??_C@_01NEMOKFLO@?$DN?$AA@ 1000b584     libvcruntime:undname.obj
 0002:00000588       ??_C@_02GPIOPFAK@?$DO?$DO?$AA@ 1000b588     libvcruntime:undname.obj
 0002:0000058c       ??_C@_02FODMEDOG@?$DM?$DM?$AA@ 1000b58c     libvcruntime:undname.obj
 0002:00000590       ??_C@_01DCLJPIOD@?$CB?$AA@ 1000b590     libvcruntime:undname.obj
 0002:00000594       ??_C@_02EGOFBIJA@?$DN?$DN?$AA@ 1000b594     libvcruntime:undname.obj
 0002:00000598       ??_C@_02FDNJECIE@?$CB?$DN?$AA@ 1000b598     libvcruntime:undname.obj
 0002:0000059c       ??_C@_02GPECMEKF@?$FL?$FN?$AA@ 1000b59c     libvcruntime:undname.obj
 0002:000005a0       ??_C@_08LHJFAFGD@operator?$AA@ 1000b5a0     libvcruntime:undname.obj
 0002:000005ac       ??_C@_02HBOOOICD@?9?$DO?$AA@ 1000b5ac     libvcruntime:undname.obj
 0002:000005b0       ??_C@_01NBENCBCI@?$CK?$AA@ 1000b5b0     libvcruntime:undname.obj
 0002:000005b4       ??_C@_02ECNGHCIF@?$CL?$CL?$AA@ 1000b5b4     libvcruntime:undname.obj
 0002:000005b8       ??_C@_02BAABKJLB@?9?9?$AA@ 1000b5b8     libvcruntime:undname.obj
 0002:000005bc       ??_C@_01JOAMLHOP@?9?$AA@   1000b5bc     libvcruntime:undname.obj
 0002:000005c0       ??_C@_01MIFGBAGJ@?$CL?$AA@ 1000b5c0     libvcruntime:undname.obj
 0002:000005c4       ??_C@_01HNPIGOCE@?$CG?$AA@ 1000b5c4     libvcruntime:undname.obj
 0002:000005c8       ??_C@_03MNHNFDLC@?9?$DO?$CK?$AA@ 1000b5c8     libvcruntime:undname.obj
 0002:000005cc       ??_C@_01KMDKNFGN@?1?$AA@   1000b5cc     libvcruntime:undname.obj
 0002:000005d0       ??_C@_01FGNFDNOH@?$CF?$AA@ 1000b5d0     libvcruntime:undname.obj
 0002:000005d4       ??_C@_01MNNFJEPP@?$DM?$AA@ 1000b5d4     libvcruntime:undname.obj
 0002:000005d8       ??_C@_02EHCHHCKH@?$DM?$DN?$AA@ 1000b5d8     libvcruntime:undname.obj
 0002:000005dc       ??_C@_01PPODPGHN@?$DO?$AA@ 1000b5dc     libvcruntime:undname.obj
 0002:000005e0       ??_C@_02EEKDKGMJ@?$DO?$DN?$AA@ 1000b5e0     libvcruntime:undname.obj
 0002:000005e4       ??_C@_01IHBHIGKO@?0?$AA@   1000b5e4     libvcruntime:undname.obj
 0002:000005e8       ??_C@_02HCKGKOFO@?$CI?$CJ?$AA@ 1000b5e8     libvcruntime:undname.obj
 0002:000005ec       ??_C@_01PJKLJHI@?$HO?$AA@  1000b5ec     libvcruntime:undname.obj
 0002:000005f0       ??_C@_01JKBOJNNK@?$FO?$AA@ 1000b5f0     libvcruntime:undname.obj
 0002:000005f4       ??_C@_01DNKMNLPK@?$HM?$AA@ 1000b5f4     libvcruntime:undname.obj
 0002:000005f8       ??_C@_02PPKAJPJL@?$CG?$CG?$AA@ 1000b5f8     libvcruntime:undname.obj
 0002:000005fc       ??_C@_02NONPIBCD@?$HM?$HM?$AA@ 1000b5fc     libvcruntime:undname.obj
 0002:00000600       ??_C@_02FPIMKNGF@?$CK?$DN?$AA@ 1000b600     libvcruntime:undname.obj
 0002:00000604       ??_C@_02FOEOMHFC@?$CL?$DN?$AA@ 1000b604     libvcruntime:undname.obj
 0002:00000608       ??_C@_02FKMDLLOA@?9?$DN?$AA@ 1000b608     libvcruntime:undname.obj
 0002:0000060c       ??_C@_02FJEHGPIO@?1?$DN?$AA@ 1000b60c     libvcruntime:undname.obj
 0002:00000610       ??_C@_02FENAOKFI@?$CF?$DN?$AA@ 1000b610     libvcruntime:undname.obj
 0002:00000614       ??_C@_03IKFCCPFF@?$DO?$DO?$DN?$AA@ 1000b614     libvcruntime:undname.obj
 0002:00000618       ??_C@_03CDNPDDLA@?$DM?$DM?$DN?$AA@ 1000b618     libvcruntime:undname.obj
 0002:0000061c       ??_C@_02FGJGFEAB@?$CG?$DN?$AA@ 1000b61c     libvcruntime:undname.obj
 0002:00000620       ??_C@_02DHLNPPGH@?$HM?$DN?$AA@ 1000b620     libvcruntime:undname.obj
 0002:00000624       ??_C@_02MHEGNOJ@?$FO?$DN?$AA@ 1000b624     libvcruntime:undname.obj
 0002:00000628       ??_C@_09IFPLHPGF@?$GAvftable?8?$AA@ 1000b628     libvcruntime:undname.obj
 0002:00000634       ??_C@_09BLBHBJP@?$GAvbtable?8?$AA@ 1000b634     libvcruntime:undname.obj
 0002:00000640       ??_C@_07FEEIOKP@?$GAvcall?8?$AA@ 1000b640     libvcruntime:undname.obj
 0002:00000648       ??_C@_08LLFFHHDJ@?$GAtypeof?8?$AA@ 1000b648     libvcruntime:undname.obj
 0002:00000654       ??_C@_0BF@KDPPACIK@?$GAlocal?5static?5guard?8?$AA@ 1000b654     libvcruntime:undname.obj
 0002:0000066c       ??_C@_08OBABFOLI@?$GAstring?8?$AA@ 1000b66c     libvcruntime:undname.obj
 0002:00000678       ??_C@_0BD@JDLKDPAB@?$GAvbase?5destructor?8?$AA@ 1000b678     libvcruntime:undname.obj
 0002:0000068c       ??_C@_0BN@DEGPLNFK@?$GAvector?5deleting?5destructor?8?$AA@ 1000b68c     libvcruntime:undname.obj
 0002:000006ac       ??_C@_0BO@OBMKPJIG@?$GAdefault?5constructor?5closure?8?$AA@ 1000b6ac     libvcruntime:undname.obj
 0002:000006cc       ??_C@_0BN@IMDCHIKM@?$GAscalar?5deleting?5destructor?8?$AA@ 1000b6cc     libvcruntime:undname.obj
 0002:000006ec       ??_C@_0BO@PFGOCPJJ@?$GAvector?5constructor?5iterator?8?$AA@ 1000b6ec     libvcruntime:undname.obj
 0002:0000070c       ??_C@_0BN@LFPFMEDL@?$GAvector?5destructor?5iterator?8?$AA@ 1000b70c     libvcruntime:undname.obj
 0002:0000072c       ??_C@_0CE@IKBNEHA@?$GAvector?5vbase?5constructor?5iterat@ 1000b72c     libvcruntime:undname.obj
 0002:00000750       ??_C@_0BL@NILFHHPC@?$GAvirtual?5displacement?5map?8?$AA@ 1000b750     libvcruntime:undname.obj
 0002:0000076c       ??_C@_0CB@JONCMFFK@?$GAeh?5vector?5constructor?5iterator?8@ 1000b76c     libvcruntime:undname.obj
 0002:00000790       ??_C@_0CA@GCEOPDGL@?$GAeh?5vector?5destructor?5iterator?8?$AA@ 1000b790     libvcruntime:undname.obj
 0002:000007b0       ??_C@_0CH@OOJPLCPH@?$GAeh?5vector?5vbase?5constructor?5ite@ 1000b7b0     libvcruntime:undname.obj
 0002:000007d8       ??_C@_0BL@LLKPOHJI@?$GAcopy?5constructor?5closure?8?$AA@ 1000b7d8     libvcruntime:undname.obj
 0002:000007f4       ??_C@_0BA@KBCDOMBN@?$GAudt?5returning?8?$AA@ 1000b7f4     libvcruntime:undname.obj
 0002:00000804       ??_C@_03KLGMFNMG@?$GAEH?$AA@ 1000b804     libvcruntime:undname.obj
 0002:00000808       ??_C@_05KHLCHHI@?$GARTTI?$AA@ 1000b808     libvcruntime:undname.obj
 0002:00000810       ??_C@_0BA@KKLDJDLB@?$GAlocal?5vftable?8?$AA@ 1000b810     libvcruntime:undname.obj
 0002:00000820       ??_C@_0CE@IIHCMGGL@?$GAlocal?5vftable?5constructor?5closu@ 1000b820     libvcruntime:undname.obj
 0002:00000844       ??_C@_06FHBGPFGH@?5new?$FL?$FN?$AA@ 1000b844     libvcruntime:undname.obj
 0002:0000084c       ??_C@_09LBNFPBCA@?5delete?$FL?$FN?$AA@ 1000b84c     libvcruntime:undname.obj
 0002:00000858       ??_C@_0P@HJKNJFNN@?$GAomni?5callsig?8?$AA@ 1000b858     libvcruntime:undname.obj
 0002:00000868       ??_C@_0BL@CNOONJFP@?$GAplacement?5delete?5closure?8?$AA@ 1000b868     libvcruntime:undname.obj
 0002:00000884       ??_C@_0BN@CKNJLHMB@?$GAplacement?5delete?$FL?$FN?5closure?8?$AA@ 1000b884     libvcruntime:undname.obj
 0002:000008a4       ??_C@_0CG@CFDHKGGD@?$GAmanaged?5vector?5constructor?5iter@ 1000b8a4     libvcruntime:undname.obj
 0002:000008cc       ??_C@_0CF@IMGKMJNO@?$GAmanaged?5vector?5destructor?5itera@ 1000b8cc     libvcruntime:undname.obj
 0002:000008f4       ??_C@_0CG@HLDDJMAG@?$GAeh?5vector?5copy?5constructor?5iter@ 1000b8f4     libvcruntime:undname.obj
 0002:0000091c       ??_C@_0CM@FCBBDIGB@?$GAeh?5vector?5vbase?5copy?5constructo@ 1000b91c     libvcruntime:undname.obj
 0002:00000948       ??_C@_0BL@CLIPGLGB@?$GAdynamic?5initializer?5for?5?8?$AA@ 1000b948     libvcruntime:undname.obj
 0002:00000964       ??_C@_0CB@PDBIFEP@?$GAdynamic?5atexit?5destructor?5for?5?8@ 1000b964     libvcruntime:undname.obj
 0002:00000988       ??_C@_0CD@CGAJBKEJ@?$GAvector?5copy?5constructor?5iterato@ 1000b988     libvcruntime:undname.obj
 0002:000009ac       ??_C@_0CJ@GJELGAMM@?$GAvector?5vbase?5copy?5constructor?5i@ 1000b9ac     libvcruntime:undname.obj
 0002:000009d8       ??_C@_0CL@FGIJHLCE@?$GAmanaged?5vector?5copy?5constructor@ 1000b9d8     libvcruntime:undname.obj
 0002:00000a04       ??_C@_0BM@PMGGMLDN@?$GAlocal?5static?5thread?5guard?8?$AA@ 1000ba04     libvcruntime:undname.obj
 0002:00000a20       ??_C@_0N@BDNMDMOL@operator?5?$CC?$CC?5?$AA@ 1000ba20     libvcruntime:undname.obj
 0002:00000a30       ??_C@_0BC@DAFEJGAK@?5Type?5Descriptor?8?$AA@ 1000ba30     libvcruntime:undname.obj
 0002:00000a44       ??_C@_0BM@LDKODKLH@?5Base?5Class?5Descriptor?5at?5?$CI?$AA@ 1000ba44     libvcruntime:undname.obj
 0002:00000a60       ??_C@_0BD@LGICGFMM@?5Base?5Class?5Array?8?$AA@ 1000ba60     libvcruntime:undname.obj
 0002:00000a74       ??_C@_0BN@MECKDCOJ@?5Class?5Hierarchy?5Descriptor?8?$AA@ 1000ba74     libvcruntime:undname.obj
 0002:00000a94       ??_C@_0BK@CFCOFLF@?5Complete?5Object?5Locator?8?$AA@ 1000ba94     libvcruntime:undname.obj
 0002:00000ab0       ___acrt_exception_action_table 1000bab0     libucrt:exception_filter.obj
 0002:00000b40       ___acrt_signal_action_table_count 1000bb40     libucrt:exception_filter.obj
 0002:00000b44       ___acrt_signal_action_first_fpe_index 1000bb44     libucrt:exception_filter.obj
 0002:00000b48       ___acrt_signal_action_fpe_count 1000bb48     libucrt:exception_filter.obj
 0002:00000b4c       ??_C@_1BI@BGOHAHKC@?$AAm?$AAs?$AAc?$AAo?$AAr?$AAe?$AAe?$AA?4?$AAd?$AAl?$AAl?$AA?$AA@ 1000bb4c     libucrt:exit.obj
 0002:00000b64       ??_C@_0P@MIGLKIOC@CorExitProcess?$AA@ 1000bb64     libucrt:exit.obj
 0002:00000d58       ??_C@_03KOEHGMDN@Sun?$AA@  1000bd58     libucrt:nlsdata.obj
 0002:00000d5c       ??_C@_03PDAGKDH@Mon?$AA@   1000bd5c     libucrt:nlsdata.obj
 0002:00000d60       ??_C@_03NAGEINEP@Tue?$AA@  1000bd60     libucrt:nlsdata.obj
 0002:00000d64       ??_C@_03MHOMLAJA@Wed?$AA@  1000bd64     libucrt:nlsdata.obj
 0002:00000d68       ??_C@_03IOFIKPDN@Thu?$AA@  1000bd68     libucrt:nlsdata.obj
 0002:00000d6c       ??_C@_03IDIOELNC@Fri?$AA@  1000bd6c     libucrt:nlsdata.obj
 0002:00000d70       ??_C@_03FEFJNEK@Sat?$AA@   1000bd70     libucrt:nlsdata.obj
 0002:00000d74       ??_C@_06OOPIFAJ@Sunday?$AA@ 1000bd74     libucrt:nlsdata.obj
 0002:00000d7c       ??_C@_06JLEDEDGH@Monday?$AA@ 1000bd7c     libucrt:nlsdata.obj
 0002:00000d84       ??_C@_07BAAGCFCM@Tuesday?$AA@ 1000bd84     libucrt:nlsdata.obj
 0002:00000d8c       ??_C@_09DLIGFAKA@Wednesday?$AA@ 1000bd8c     libucrt:nlsdata.obj
 0002:00000d98       ??_C@_08HACCIKIA@Thursday?$AA@ 1000bd98     libucrt:nlsdata.obj
 0002:00000da4       ??_C@_06JECMNKMI@Friday?$AA@ 1000bda4     libucrt:nlsdata.obj
 0002:00000dac       ??_C@_08INBOOONO@Saturday?$AA@ 1000bdac     libucrt:nlsdata.obj
 0002:00000db8       ??_C@_03JIHJHPIE@Jan?$AA@  1000bdb8     libucrt:nlsdata.obj
 0002:00000dbc       ??_C@_03HJBDCHOM@Feb?$AA@  1000bdbc     libucrt:nlsdata.obj
 0002:00000dc0       ??_C@_03ODNJBKGA@Mar?$AA@  1000bdc0     libucrt:nlsdata.obj
 0002:00000dc4       ??_C@_03LEOLGMJP@Apr?$AA@  1000bdc4     libucrt:nlsdata.obj
 0002:00000dc8       ??_C@_03CNMDKL@May?$AA@    1000bdc8     libucrt:nlsdata.obj
 0002:00000dcc       ??_C@_03IDFGHECI@Jun?$AA@  1000bdcc     libucrt:nlsdata.obj
 0002:00000dd0       ??_C@_03LBGABGKK@Jul?$AA@  1000bdd0     libucrt:nlsdata.obj
 0002:00000dd4       ??_C@_03IFJFEIGA@Aug?$AA@  1000bdd4     libucrt:nlsdata.obj
 0002:00000dd8       ??_C@_03GGCAPAJC@Sep?$AA@  1000bdd8     libucrt:nlsdata.obj
 0002:00000ddc       ??_C@_03BMAOKBAD@Oct?$AA@  1000bddc     libucrt:nlsdata.obj
 0002:00000de0       ??_C@_03JPJOFNIA@Nov?$AA@  1000bde0     libucrt:nlsdata.obj
 0002:00000de4       ??_C@_03MKABNOCG@Dec?$AA@  1000bde4     libucrt:nlsdata.obj
 0002:00000de8       ??_C@_07CGJPFGJA@January?$AA@ 1000bde8     libucrt:nlsdata.obj
 0002:00000df0       ??_C@_08GNJGEPFN@February?$AA@ 1000bdf0     libucrt:nlsdata.obj
 0002:00000dfc       ??_C@_05HPCKOFNC@March?$AA@ 1000bdfc     libucrt:nlsdata.obj
 0002:00000e04       ??_C@_05DMJDNLEJ@April?$AA@ 1000be04     libucrt:nlsdata.obj
 0002:00000e0c       ??_C@_04CNLMGBGM@June?$AA@ 1000be0c     libucrt:nlsdata.obj
 0002:00000e14       ??_C@_04MIEPOIFP@July?$AA@ 1000be14     libucrt:nlsdata.obj
 0002:00000e1c       ??_C@_06LBBHFDDG@August?$AA@ 1000be1c     libucrt:nlsdata.obj
 0002:00000e24       ??_C@_09BHHEALKD@September?$AA@ 1000be24     libucrt:nlsdata.obj
 0002:00000e30       ??_C@_07JJNFCEND@October?$AA@ 1000be30     libucrt:nlsdata.obj
 0002:00000e38       ??_C@_08HCHEGEOA@November?$AA@ 1000be38     libucrt:nlsdata.obj
 0002:00000e44       ??_C@_08EDHMEBNP@December?$AA@ 1000be44     libucrt:nlsdata.obj
 0002:00000e50       ??_C@_02DEDBPAFC@AM?$AA@   1000be50     libucrt:nlsdata.obj
 0002:00000e54       ??_C@_02CJNFDJBF@PM?$AA@   1000be54     libucrt:nlsdata.obj
 0002:00000e58       ??_C@_08BPBNCDIB@MM?1dd?1yy?$AA@ 1000be58     libucrt:nlsdata.obj
 0002:00000e64       ??_C@_0BE@CKGJFCPC@dddd?0?5MMMM?5dd?0?5yyyy?$AA@ 1000be64     libucrt:nlsdata.obj
 0002:00000e78       ??_C@_08JCCMCCIL@HH?3mm?3ss?$AA@ 1000be78     libucrt:nlsdata.obj
 0002:00000e84       ??_C@_17MBGCMIPB@?$AAS?$AAu?$AAn?$AA?$AA@ 1000be84     libucrt:nlsdata.obj
 0002:00000e8c       ??_C@_17KBOMKBF@?$AAM?$AAo?$AAn?$AA?$AA@ 1000be8c     libucrt:nlsdata.obj
 0002:00000e94       ??_C@_17BMKGEGOJ@?$AAT?$AAu?$AAe?$AA?$AA@ 1000be94     libucrt:nlsdata.obj
 0002:00000e9c       ??_C@_17CJEDCEPE@?$AAW?$AAe?$AAd?$AA?$AA@ 1000be9c     libucrt:nlsdata.obj
 0002:00000ea4       ??_C@_17PDPHAADD@?$AAT?$AAh?$AAu?$AA?$AA@ 1000bea4     libucrt:nlsdata.obj
 0002:00000eac       ??_C@_17HFOLPPLP@?$AAF?$AAr?$AAi?$AA?$AA@ 1000beac     libucrt:nlsdata.obj
 0002:00000eb4       ??_C@_17GGIBDPIH@?$AAS?$AAa?$AAt?$AA?$AA@ 1000beb4     libucrt:nlsdata.obj
 0002:00000ebc       ??_C@_1O@IHNHDHPB@?$AAS?$AAu?$AAn?$AAd?$AAa?$AAy?$AA?$AA@ 1000bebc     libucrt:nlsdata.obj
 0002:00000ecc       ??_C@_1O@MMNBFLIA@?$AAM?$AAo?$AAn?$AAd?$AAa?$AAy?$AA?$AA@ 1000becc     libucrt:nlsdata.obj
 0002:00000edc       ??_C@_1BA@ENFBFFEK@?$AAT?$AAu?$AAe?$AAs?$AAd?$AAa?$AAy?$AA?$AA@ 1000bedc     libucrt:nlsdata.obj
 0002:00000eec       ??_C@_1BE@EBOGMDOH@?$AAW?$AAe?$AAd?$AAn?$AAe?$AAs?$AAd?$AAa?$AAy?$AA?$AA@ 1000beec     libucrt:nlsdata.obj
 0002:00000f00       ??_C@_1BC@HHMNLIHE@?$AAT?$AAh?$AAu?$AAr?$AAs?$AAd?$AAa?$AAy?$AA?$AA@ 1000bf00     libucrt:nlsdata.obj
 0002:00000f14       ??_C@_1O@PDICJHAG@?$AAF?$AAr?$AAi?$AAd?$AAa?$AAy?$AA?$AA@ 1000bf14     libucrt:nlsdata.obj
 0002:00000f24       ??_C@_1BC@ENMNNPAJ@?$AAS?$AAa?$AAt?$AAu?$AAr?$AAd?$AAa?$AAy?$AA?$AA@ 1000bf24     libucrt:nlsdata.obj
 0002:00000f38       ??_C@_17DKNBKCHM@?$AAJ?$AAa?$AAn?$AA?$AA@ 1000bf38     libucrt:nlsdata.obj
 0002:00000f40       ??_C@_17LMDJEKJN@?$AAF?$AAe?$AAb?$AA?$AA@ 1000bf40     libucrt:nlsdata.obj
 0002:00000f48       ??_C@_17CKNLEDEC@?$AAM?$AAa?$AAr?$AA?$AA@ 1000bf48     libucrt:nlsdata.obj
 0002:00000f50       ??_C@_17LFPOIHDD@?$AAA?$AAp?$AAr?$AA?$AA@ 1000bf50     libucrt:nlsdata.obj
 0002:00000f58       ??_C@_17PNNKMEED@?$AAM?$AAa?$AAy?$AA?$AA@ 1000bf58     libucrt:nlsdata.obj
 0002:00000f60       ??_C@_17KCJGOCPB@?$AAJ?$AAu?$AAn?$AA?$AA@ 1000bf60     libucrt:nlsdata.obj
 0002:00000f68       ??_C@_17IJPCKHK@?$AAJ?$AAu?$AAl?$AA?$AA@ 1000bf68     libucrt:nlsdata.obj
 0002:00000f70       ??_C@_17ICPELBCN@?$AAA?$AAu?$AAg?$AA?$AA@ 1000bf70     libucrt:nlsdata.obj
 0002:00000f78       ??_C@_17HCHCOKMG@?$AAS?$AAe?$AAp?$AA?$AA@ 1000bf78     libucrt:nlsdata.obj
 0002:00000f80       ??_C@_17FNLKOI@?$AAO?$AAc?$AAt?$AA?$AA@ 1000bf80     libucrt:nlsdata.obj
 0002:00000f88       ??_C@_17BBDMLCIG@?$AAN?$AAo?$AAv?$AA?$AA@ 1000bf88     libucrt:nlsdata.obj
 0002:00000f90       ??_C@_17EGKACKIF@?$AAD?$AAe?$AAc?$AA?$AA@ 1000bf90     libucrt:nlsdata.obj
 0002:00000f98       ??_C@_1BA@EFMEIEBA@?$AAJ?$AAa?$AAn?$AAu?$AAa?$AAr?$AAy?$AA?$AA@ 1000bf98     libucrt:nlsdata.obj
 0002:00000fa8       ??_C@_1BC@JGDDFFAM@?$AAF?$AAe?$AAb?$AAr?$AAu?$AAa?$AAr?$AAy?$AA?$AA@ 1000bfa8     libucrt:nlsdata.obj
 0002:00000fbc       ??_C@_1M@IKEENEDF@?$AAM?$AAa?$AAr?$AAc?$AAh?$AA?$AA@ 1000bfbc     libucrt:nlsdata.obj
 0002:00000fc8       ??_C@_1M@GJNLMHFD@?$AAA?$AAp?$AAr?$AAi?$AAl?$AA?$AA@ 1000bfc8     libucrt:nlsdata.obj
 0002:00000fd4       ??_C@_19EPFLPGAP@?$AAJ?$AAu?$AAn?$AAe?$AA?$AA@ 1000bfd4     libucrt:nlsdata.obj
 0002:00000fe0       ??_C@_19BIFMLPCD@?$AAJ?$AAu?$AAl?$AAy?$AA?$AA@ 1000bfe0     libucrt:nlsdata.obj
 0002:00000fec       ??_C@_1O@PAHLKOAC@?$AAA?$AAu?$AAg?$AAu?$AAs?$AAt?$AA?$AA@ 1000bfec     libucrt:nlsdata.obj
 0002:00000ffc       ??_C@_1BE@DKAAMBJL@?$AAS?$AAe?$AAp?$AAt?$AAe?$AAm?$AAb?$AAe?$AAr?$AA?$AA@ 1000bffc     libucrt:nlsdata.obj
 0002:00001010       ??_C@_1BA@EPANDLNG@?$AAO?$AAc?$AAt?$AAo?$AAb?$AAe?$AAr?$AA?$AA@ 1000c010     libucrt:nlsdata.obj
 0002:00001020       ??_C@_1BC@BGLIFPF@?$AAN?$AAo?$AAv?$AAe?$AAm?$AAb?$AAe?$AAr?$AA?$AA@ 1000c020     libucrt:nlsdata.obj
 0002:00001034       ??_C@_1BC@FEMKIFH@?$AAD?$AAe?$AAc?$AAe?$AAm?$AAb?$AAe?$AAr?$AA?$AA@ 1000c034     libucrt:nlsdata.obj
 0002:00001048       ??_C@_15ODEHAHHF@?$AAA?$AAM?$AA?$AA@ 1000c048     libucrt:nlsdata.obj
 0002:00001050       ??_C@_15CLMNNGEL@?$AAP?$AAM?$AA?$AA@ 1000c050     libucrt:nlsdata.obj
 0002:00001058       ??_C@_1BC@IEBCMHCM@?$AAM?$AAM?$AA?1?$AAd?$AAd?$AA?1?$AAy?$AAy?$AA?$AA@ 1000c058     libucrt:nlsdata.obj
 0002:0000106c       ??_C@_1CI@KNAKOEBC@?$AAd?$AAd?$AAd?$AAd?$AA?0?$AA?5?$AAM?$AAM?$AAM?$AAM?$AA?5?$AAd?$AAd?$AA?0?$AA?5?$AAy?$AAy?$AAy?$AAy?$AA?$AA@ 1000c06c     libucrt:nlsdata.obj
 0002:00001094       ??_C@_1BC@GDGBMEMK@?$AAH?$AAH?$AA?3?$AAm?$AAm?$AA?3?$AAs?$AAs?$AA?$AA@ 1000c094     libucrt:nlsdata.obj
 0002:000010a8       ??_C@_1M@BMHNFIME@?$AAe?$AAn?$AA?9?$AAU?$AAS?$AA?$AA@ 1000c0a8     libucrt:nlsdata.obj
 0002:000010b8       ___lc_time_c               1000c0b8     libucrt:nlsdata.obj
 0002:00001270       ??_C@_1EG@CNNIPFIM@?$AAa?$AAp?$AAi?$AA?9?$AAm?$AAs?$AA?9?$AAw?$AAi?$AAn?$AA?9?$AAa?$AAp?$AAp?$AAm?$AAo?$AAd?$AAe?$AAl?$AA?9?$AAr?$AAu?$AAn?$AAt?$AAi?$AAm?$AAe?$AA?9?$AAl?$AA1?$AA?9?$AA1@ 1000c270     libucrt:winapi_thunks.obj
 0002:000012b8       ??_C@_1EA@JGEFHKEI@?$AAa?$AAp?$AAi?$AA?9?$AAm?$AAs?$AA?9?$AAw?$AAi?$AAn?$AA?9?$AAc?$AAo?$AAr?$AAe?$AA?9?$AAd?$AAa?$AAt?$AAe?$AAt?$AAi?$AAm?$AAe?$AA?9?$AAl?$AA1?$AA?9?$AA1?$AA?9?$AA1?$AA?$AA@ 1000c2b8     libucrt:winapi_thunks.obj
 0002:000012f8       ??_C@_1DI@GCIAAENM@?$AAa?$AAp?$AAi?$AA?9?$AAm?$AAs?$AA?9?$AAw?$AAi?$AAn?$AA?9?$AAc?$AAo?$AAr?$AAe?$AA?9?$AAf?$AAi?$AAl?$AAe?$AA?9?$AAl?$AA2?$AA?9?$AA1?$AA?9?$AA1?$AA?$AA@ 1000c2f8     libucrt:winapi_thunks.obj
 0002:00001330       ??_C@_1EI@MPIAOHOC@?$AAa?$AAp?$AAi?$AA?9?$AAm?$AAs?$AA?9?$AAw?$AAi?$AAn?$AA?9?$AAc?$AAo?$AAr?$AAe?$AA?9?$AAl?$AAo?$AAc?$AAa?$AAl?$AAi?$AAz?$AAa?$AAt?$AAi?$AAo?$AAn?$AA?9?$AAl?$AA1?$AA?9@ 1000c330     libucrt:winapi_thunks.obj
 0002:00001378       ??_C@_1FK@FPHCKFIE@?$AAa?$AAp?$AAi?$AA?9?$AAm?$AAs?$AA?9?$AAw?$AAi?$AAn?$AA?9?$AAc?$AAo?$AAr?$AAe?$AA?9?$AAl?$AAo?$AAc?$AAa?$AAl?$AAi?$AAz?$AAa?$AAt?$AAi?$AAo?$AAn?$AA?9?$AAo?$AAb?$AAs@ 1000c378     libucrt:winapi_thunks.obj
 0002:000013d8       ??_C@_1EM@DILCGIIO@?$AAa?$AAp?$AAi?$AA?9?$AAm?$AAs?$AA?9?$AAw?$AAi?$AAn?$AA?9?$AAc?$AAo?$AAr?$AAe?$AA?9?$AAp?$AAr?$AAo?$AAc?$AAe?$AAs?$AAs?$AAt?$AAh?$AAr?$AAe?$AAa?$AAd?$AAs?$AA?9?$AAl@ 1000c3d8     libucrt:winapi_thunks.obj
 0002:00001424       ??_C@_1DM@LNCGDDPN@?$AAa?$AAp?$AAi?$AA?9?$AAm?$AAs?$AA?9?$AAw?$AAi?$AAn?$AA?9?$AAc?$AAo?$AAr?$AAe?$AA?9?$AAs?$AAt?$AAr?$AAi?$AAn?$AAg?$AA?9?$AAl?$AA1?$AA?9?$AA1?$AA?9?$AA0?$AA?$AA@ 1000c424     libucrt:winapi_thunks.obj
 0002:00001460       ??_C@_1DO@FPAPJEMD@?$AAa?$AAp?$AAi?$AA?9?$AAm?$AAs?$AA?9?$AAw?$AAi?$AAn?$AA?9?$AAc?$AAo?$AAr?$AAe?$AA?9?$AAs?$AAy?$AAs?$AAi?$AAn?$AAf?$AAo?$AA?9?$AAl?$AA1?$AA?9?$AA2?$AA?9?$AA1?$AA?$AA@ 1000c460     libucrt:winapi_thunks.obj
 0002:000014a0       ??_C@_1DK@NDHNAHIO@?$AAa?$AAp?$AAi?$AA?9?$AAm?$AAs?$AA?9?$AAw?$AAi?$AAn?$AA?9?$AAc?$AAo?$AAr?$AAe?$AA?9?$AAw?$AAi?$AAn?$AAr?$AAt?$AA?9?$AAl?$AA1?$AA?9?$AA1?$AA?9?$AA0?$AA?$AA@ 1000c4a0     libucrt:winapi_thunks.obj
 0002:000014dc       ??_C@_1DM@KGHDGBCM@?$AAa?$AAp?$AAi?$AA?9?$AAm?$AAs?$AA?9?$AAw?$AAi?$AAn?$AA?9?$AAc?$AAo?$AAr?$AAe?$AA?9?$AAx?$AAs?$AAt?$AAa?$AAt?$AAe?$AA?9?$AAl?$AA2?$AA?9?$AA1?$AA?9?$AA0?$AA?$AA@ 1000c4dc     libucrt:winapi_thunks.obj
 0002:00001518       ??_C@_1EO@IJIOEFOH@?$AAa?$AAp?$AAi?$AA?9?$AAm?$AAs?$AA?9?$AAw?$AAi?$AAn?$AA?9?$AAr?$AAt?$AAc?$AAo?$AAr?$AAe?$AA?9?$AAn?$AAt?$AAu?$AAs?$AAe?$AAr?$AA?9?$AAw?$AAi?$AAn?$AAd?$AAo?$AAw?$AA?9@ 1000c518     libucrt:winapi_thunks.obj
 0002:00001568       ??_C@_1FG@HHGEKANL@?$AAa?$AAp?$AAi?$AA?9?$AAm?$AAs?$AA?9?$AAw?$AAi?$AAn?$AA?9?$AAs?$AAe?$AAc?$AAu?$AAr?$AAi?$AAt?$AAy?$AA?9?$AAs?$AAy?$AAs?$AAt?$AAe?$AAm?$AAf?$AAu?$AAn?$AAc?$AAt?$AAi@ 1000c568     libucrt:winapi_thunks.obj
 0002:000015c0       ??_C@_1FG@NCKKOLKO@?$AAe?$AAx?$AAt?$AA?9?$AAm?$AAs?$AA?9?$AAw?$AAi?$AAn?$AA?9?$AAk?$AAe?$AAr?$AAn?$AAe?$AAl?$AA3?$AA2?$AA?9?$AAp?$AAa?$AAc?$AAk?$AAa?$AAg?$AAe?$AA?9?$AAc?$AAu?$AAr?$AAr@ 1000c5c0     libucrt:winapi_thunks.obj
 0002:00001618       ??_C@_1EG@DBIOJECG@?$AAe?$AAx?$AAt?$AA?9?$AAm?$AAs?$AA?9?$AAw?$AAi?$AAn?$AA?9?$AAn?$AAt?$AAu?$AAs?$AAe?$AAr?$AA?9?$AAd?$AAi?$AAa?$AAl?$AAo?$AAg?$AAb?$AAo?$AAx?$AA?9?$AAl?$AA1?$AA?9?$AA1@ 1000c618     libucrt:winapi_thunks.obj
 0002:00001660       ??_C@_1EO@FIHMJCLF@?$AAe?$AAx?$AAt?$AA?9?$AAm?$AAs?$AA?9?$AAw?$AAi?$AAn?$AA?9?$AAn?$AAt?$AAu?$AAs?$AAe?$AAr?$AA?9?$AAw?$AAi?$AAn?$AAd?$AAo?$AAw?$AAs?$AAt?$AAa?$AAt?$AAi?$AAo?$AAn?$AA?9@ 1000c660     libucrt:winapi_thunks.obj
 0002:000016b0       ??_C@_1O@BCCLBEOE@?$AAu?$AAs?$AAe?$AAr?$AA3?$AA2?$AA?$AA@ 1000c6b0     libucrt:winapi_thunks.obj
 0002:000016e8       ??_C@_0BE@JOGNEJCI@GetCurrentPackageId?$AA@ 1000c6e8     libucrt:winapi_thunks.obj
 0002:0000170c       ??_C@_0O@KKBNKAPF@LCMapStringEx?$AA@ 1000c70c     libucrt:winapi_thunks.obj
 0002:00001724       ??_C@_0BB@HBDEELFH@LocaleNameToLCID?$AA@ 1000c724     libucrt:winapi_thunks.obj
 0002:00001748       ??_C@_1M@HPNHIDJI@?$AAj?$AAa?$AA?9?$AAJ?$AAP?$AA?$AA@ 1000c748     libucrt:mbctype.obj
 0002:00001754       ??_C@_1M@BIBDDEMK@?$AAz?$AAh?$AA?9?$AAC?$AAN?$AA?$AA@ 1000c754     libucrt:mbctype.obj
 0002:00001760       ??_C@_1M@JLOOOEGK@?$AAk?$AAo?$AA?9?$AAK?$AAR?$AA?$AA@ 1000c760     libucrt:mbctype.obj
 0002:0000176c       ??_C@_1M@CLNBBOPM@?$AAz?$AAh?$AA?9?$AAT?$AAW?$AA?$AA@ 1000c76c     libucrt:mbctype.obj
 0002:00001778       ___newctype                1000c778     libucrt:ctype.obj
 0002:00001a78       ___newclmap                1000ca78     libucrt:ctype.obj
 0002:00001bf8       ___newcumap                1000cbf8     libucrt:ctype.obj
 0002:00001d78       ??_C@_15PJPFLCCM@?$AAu?$AAk?$AA?$AA@ 1000cd78     libucrt:get_qualified_locale.obj
 0002:000024a0       ??_C@_15EMKDOKLE@?$AAa?$AAr?$AA?$AA@ 1000d4a0     libucrt:lcidtoname_downlevel.obj
 0002:000024a8       ??_C@_15KNPADPLH@?$AAb?$AAg?$AA?$AA@ 1000d4a8     libucrt:lcidtoname_downlevel.obj
 0002:000024b0       ??_C@_15EDMHLDMO@?$AAc?$AAa?$AA?$AA@ 1000d4b0     libucrt:lcidtoname_downlevel.obj
 0002:000024b8       ??_C@_1O@BPEAJADD@?$AAz?$AAh?$AA?9?$AAC?$AAH?$AAS?$AA?$AA@ 1000d4b8     libucrt:lcidtoname_downlevel.obj
 0002:000024c8       ??_C@_15LJNHCMNK@?$AAc?$AAs?$AA?$AA@ 1000d4c8     libucrt:lcidtoname_downlevel.obj
 0002:000024d0       ??_C@_15FOMCIDHG@?$AAd?$AAa?$AA?$AA@ 1000d4d0     libucrt:lcidtoname_downlevel.obj
 0002:000024d8       ??_C@_15NBKABECB@?$AAd?$AAe?$AA?$AA@ 1000d4d8     libucrt:lcidtoname_downlevel.obj
 0002:000024e0       ??_C@_15GHPEIIAO@?$AAe?$AAl?$AA?$AA@ 1000d4e0     libucrt:lcidtoname_downlevel.obj
 0002:000024e8       ??_C@_15MNPNEAIF@?$AAe?$AAn?$AA?$AA@ 1000d4e8     libucrt:lcidtoname_downlevel.obj
 0002:000024f0       ??_C@_15GPIOMPMH@?$AAe?$AAs?$AA?$AA@ 1000d4f0     libucrt:lcidtoname_downlevel.obj
 0002:000024f8       ??_C@_15NGLOAKJC@?$AAf?$AAi?$AA?$AA@ 1000d4f8     libucrt:lcidtoname_downlevel.obj
 0002:00002500       ??_C@_15FBKGNKAM@?$AAf?$AAr?$AA?$AA@ 1000d500     libucrt:lcidtoname_downlevel.obj
 0002:00002508       ??_C@_15KGGCNEFK@?$AAh?$AAe?$AA?$AA@ 1000d508     libucrt:lcidtoname_downlevel.obj
 0002:00002510       ??_C@_15PGHLIDMF@?$AAh?$AAu?$AA?$AA@ 1000d510     libucrt:lcidtoname_downlevel.obj
 0002:00002518       ??_C@_15BIEMAPLM@?$AAi?$AAs?$AA?$AA@ 1000d518     libucrt:lcidtoname_downlevel.obj
 0002:00002520       ??_C@_15IFJLDHAF@?$AAi?$AAt?$AA?$AA@ 1000d520     libucrt:lcidtoname_downlevel.obj
 0002:00002528       ??_C@_15GEMIOCAG@?$AAj?$AAa?$AA?$AA@ 1000d528     libucrt:lcidtoname_downlevel.obj
 0002:00002530       ??_C@_15EPELEGJA@?$AAk?$AAo?$AA?$AA@ 1000d530     libucrt:lcidtoname_downlevel.obj
 0002:00002538       ??_C@_15NDDHIMN@?$AAn?$AAl?$AA?$AA@ 1000d538     libucrt:lcidtoname_downlevel.obj
 0002:00002540       ??_C@_15BPIGNHCD@?$AAn?$AAo?$AA?$AA@ 1000d540     libucrt:lcidtoname_downlevel.obj
 0002:00002548       ??_C@_15DEOPBLCG@?$AAp?$AAl?$AA?$AA@ 1000d548     libucrt:lcidtoname_downlevel.obj
 0002:00002550       ??_C@_15KBECGEFG@?$AAp?$AAt?$AA?$AA@ 1000d550     libucrt:lcidtoname_downlevel.obj
 0002:00002558       ??_C@_15GLJCBFMD@?$AAr?$AAo?$AA?$AA@ 1000d558     libucrt:lcidtoname_downlevel.obj
 0002:00002560       ??_C@_15FEDGKCDI@?$AAr?$AAu?$AA?$AA@ 1000d560     libucrt:lcidtoname_downlevel.obj
 0002:00002568       ??_C@_15GLKMLLHM@?$AAh?$AAr?$AA?$AA@ 1000d568     libucrt:lcidtoname_downlevel.obj
 0002:00002570       ??_C@_15CPKMFBDB@?$AAs?$AAk?$AA?$AA@ 1000d570     libucrt:lcidtoname_downlevel.obj
 0002:00002578       ??_C@_15BAAIOGMK@?$AAs?$AAq?$AA?$AA@ 1000d578     libucrt:lcidtoname_downlevel.obj
 0002:00002580       ??_C@_15INNPNOHD@?$AAs?$AAv?$AA?$AA@ 1000d580     libucrt:lcidtoname_downlevel.obj
 0002:00002588       ??_C@_15CABMMOGH@?$AAt?$AAh?$AA?$AA@ 1000d588     libucrt:lcidtoname_downlevel.obj
 0002:00002590       ??_C@_15BPLIHJJM@?$AAt?$AAr?$AA?$AA@ 1000d590     libucrt:lcidtoname_downlevel.obj
 0002:00002598       ??_C@_15NEOEKKDJ@?$AAu?$AAr?$AA?$AA@ 1000d598     libucrt:lcidtoname_downlevel.obj
 0002:000025a0       ??_C@_15NFICGAJK@?$AAi?$AAd?$AA?$AA@ 1000d5a0     libucrt:lcidtoname_downlevel.obj
 0002:000025a8       ??_C@_15HPJPHDM@?$AAb?$AAe?$AA?$AA@ 1000d5a8     libucrt:lcidtoname_downlevel.obj
 0002:000025b0       ??_C@_15LCHLGJII@?$AAs?$AAl?$AA?$AA@ 1000d5b0     libucrt:lcidtoname_downlevel.obj
 0002:000025b8       ??_C@_15PCFJPHHO@?$AAe?$AAt?$AA?$AA@ 1000d5b8     libucrt:lcidtoname_downlevel.obj
 0002:000025c0       ??_C@_15HPFPGODN@?$AAl?$AAv?$AA?$AA@ 1000d5c0     libucrt:lcidtoname_downlevel.obj
 0002:000025c8       ??_C@_15NFFGKGLG@?$AAl?$AAt?$AA?$AA@ 1000d5c8     libucrt:lcidtoname_downlevel.obj
 0002:000025d0       ??_C@_15BDAKCCHN@?$AAf?$AAa?$AA?$AA@ 1000d5d0     libucrt:lcidtoname_downlevel.obj
 0002:000025d8       ??_C@_15NFGIAIAJ@?$AAv?$AAi?$AA?$AA@ 1000d5d8     libucrt:lcidtoname_downlevel.obj
 0002:000025e0       ??_C@_15LMKNDMHN@?$AAh?$AAy?$AA?$AA@ 1000d5e0     libucrt:lcidtoname_downlevel.obj
 0002:000025e8       ??_C@_15IJBHMCFL@?$AAa?$AAz?$AA?$AA@ 1000d5e8     libucrt:lcidtoname_downlevel.obj
 0002:000025f0       ??_C@_15EKOFJABL@?$AAe?$AAu?$AA?$AA@ 1000d5f0     libucrt:lcidtoname_downlevel.obj
 0002:000025f8       ??_C@_15BGHADCNK@?$AAm?$AAk?$AA?$AA@ 1000d5f8     libucrt:lcidtoname_downlevel.obj
 0002:00002600       ??_C@_15JDNICKHM@?$AAa?$AAf?$AA?$AA@ 1000d600     libucrt:lcidtoname_downlevel.obj
 0002:00002608       ??_C@_15KPJEDBKD@?$AAk?$AAa?$AA?$AA@ 1000d608     libucrt:lcidtoname_downlevel.obj
[...]
 0001:00008b30       $$000000                   10009b30     libvcruntime:memcpy.obj
 0001:00008d94       TrailingUpVec              10009d94     libvcruntime:memcpy.obj
 0001:00008e40       TrailingDownVec            10009e40     libvcruntime:memcpy.obj
 0001:000090b0       $$000000                   1000a0b0     libvcruntime:strchr.obj
 0001:000091e0       $$000000                   1000a1e0     libvcruntime:memmove.obj
 0001:00009444       TrailingUpVec              1000a444     libvcruntime:memmove.obj
 0001:000094f0       TrailingDownVec            1000a4f0     libvcruntime:memmove.obj
 0001:00009760       $$000000                   1000a760     libvcruntime:strrchr.obj
 0002:000001a4       _GS_ExceptionPointers      1000b1a4     LIBCMT:gs_report.obj
 0002:000001d8       ?module_names@?A0x1821e63c@@3QBQB_WB 1000b1d8     libvcruntime:winapi_downlevel.obj
 0002:00000288       ?candidate_modules@?1??try_get_EventRegister@@YAP6GKPBU_GUID@@P6GX0KE_K1PAU_EVENT_FILTER_DESCRIPTOR@@PAX@Z3PA_K@ZXZ@4QBW4module_id@?A0x1821e63c@@B 1000b288     libvcruntime:winapi_downlevel.obj
 0002:0000029c       ?candidate_modules@?1??try_get_EventSetInformation@@YAP6GK_KW4_EVENT_INFO_CLASS@@PAXK@ZXZ@4QBW4module_id@?A0x1821e63c@@B 1000b29c     libvcruntime:winapi_downlevel.obj
 0002:000002b4       ?candidate_modules@?1??try_get_EventUnregister@@YAP6GK_K@ZXZ@4QBW4module_id@?A0x1821e63c@@B 1000b2b4     libvcruntime:winapi_downlevel.obj
 0002:000002c8       ?candidate_modules@?1??try_get_EventWriteTransfer@@YAP6GK_KPBU_EVENT_DESCRIPTOR@@PBU_GUID@@2KPAU_EVENT_DATA_DESCRIPTOR@@@ZXZ@4QBW4module_id@?A0x1821e63c@@B 1000b2c8     libvcruntime:winapi_downlevel.obj
 0002:000002e0       ?candidate_modules@?1??try_get_FlsAlloc@@YAP6GKP6GXPAX@Z@ZXZ@4QBW4module_id@?A0x1821e63c@@B 1000b2e0     libvcruntime:winapi_downlevel.obj
 0002:000002f4       ?candidate_modules@?1??try_get_FlsFree@@YAP6GHK@ZXZ@4QBW4module_id@?A0x1821e63c@@B 1000b2f4     libvcruntime:winapi_downlevel.obj
 0002:00000304       ?candidate_modules@?1??try_get_FlsGetValue@@YAP6GPAXK@ZXZ@4QBW4module_id@?A0x1821e63c@@B 1000b304     libvcruntime:winapi_downlevel.obj
 0002:00000318       ?candidate_modules@?1??try_get_FlsSetValue@@YAP6GHKPAX@ZXZ@4QBW4module_id@?A0x1821e63c@@B 1000b318     libvcruntime:winapi_downlevel.obj
 0002:0000032c       ?candidate_modules@?1??try_get_InitializeCriticalSectionEx@@YAP6GHPAU_RTL_CRITICAL_SECTION@@KK@ZXZ@4QBW4module_id@?A0x1821e63c@@B 1000b32c     libvcruntime:winapi_downlevel.obj
 0002:00000350       ?tokenTable@@3QBQBDB       1000b350     libvcruntime:undname.obj
 0002:00000388       ?nameTable@@3QBQBDB        1000b388     libvcruntime:undname.obj
 0002:000004cc       ?rttiTable@@3QBQBDB        1000b4cc     libvcruntime:undname.obj
 0002:00000b78       ___acrt_initializers       1000bb78     libucrt:initialization.obj
 0002:00000bf0       _errtable                  1000bbf0     libucrt:errno.obj
 0002:00001220       _module_names              1000c220     libucrt:winapi_thunks.obj
 0002:000016c0       ?candidate_modules@?1??try_get_FlsAlloc@@YAP6GKP6GXPAX@Z@ZXZ@4QBW4module_id@?A0x352e5c4b@@B 1000c6c0     libucrt:winapi_thunks.obj
 0002:000016c8       ?candidate_modules@?1??try_get_FlsFree@@YAP6GHK@ZXZ@4QBW4module_id@?A0x352e5c4b@@B 1000c6c8     libucrt:winapi_thunks.obj
 0002:000016d0       ?candidate_modules@?1??try_get_FlsGetValue@@YAP6GPAXK@ZXZ@4QBW4module_id@?A0x352e5c4b@@B 1000c6d0     libucrt:winapi_thunks.obj
 0002:000016d8       ?candidate_modules@?1??try_get_FlsSetValue@@YAP6GHKPAX@ZXZ@4QBW4module_id@?A0x352e5c4b@@B 1000c6d8     libucrt:winapi_thunks.obj
 0002:000016e0       ?candidate_modules@?1??try_get_GetCurrentPackageId@@YAP6GJPAIPAE@ZXZ@4QBW4module_id@?A0x352e5c4b@@B 1000c6e0     libucrt:winapi_thunks.obj
 0002:000016fc       ?candidate_modules@?1??try_get_InitializeCriticalSectionEx@@YAP6GHPAU_RTL_CRITICAL_SECTION@@KK@ZXZ@4QBW4module_id@?A0x352e5c4b@@B 1000c6fc     libucrt:winapi_thunks.obj
 0002:00001704       ?candidate_modules@?1??try_get_LCMapStringEx@@YAP6GHPB_WK0HPA_WHPAU_nlsversioninfo@@PAXJ@ZXZ@4QBW4module_id@?A0x352e5c4b@@B 1000c704     libucrt:winapi_thunks.obj
 0002:0000171c       ?candidate_modules@?1??try_get_LocaleNameToLCID@@YAP6GKPB_WK@ZXZ@4QBW4module_id@?A0x352e5c4b@@B 1000c71c     libucrt:winapi_thunks.obj
 0002:00001738       __mb_locale_names          1000c738     libucrt:mbctype.obj
 0002:00001d80       _LcidToLocaleNameTable     1000cd80     libucrt:lcidtoname_downlevel.obj
 0002:00002ea0       _LocaleNameToIndexTable    1000dea0     libucrt:lcidtoname_downlevel.obj
 0002:00003df0       LOG_name                   1000edf0     libucrt:log10.obj
 0002:00003e00       _One                       1000ee00     libucrt:ceil_pentium4.obj
 0002:00003e10       _Bns                       1000ee10     libucrt:ceil_pentium4.obj
 0002:00003e20       _Zero                      1000ee20     libucrt:ceil_pentium4.obj
 0002:00003e30       _S                         1000ee30     libucrt:ceil_pentium4.obj
 0002:00003e40       _NegZero                   1000ee40     libucrt:ceil_pentium4.obj
 0002:00003e50       emask                      1000ee50     libucrt:log10_pentium4.obj
 0002:00003e60       CC                         1000ee60     libucrt:log10_pentium4.obj
 0002:00003e70       Magic                      1000ee70     libucrt:log10_pentium4.obj
 0002:00003e80       hi_mask                    1000ee80     libucrt:log10_pentium4.obj
 0002:00003e90       LOG10_2                    1000ee90     libucrt:log10_pentium4.obj
 0002:00003ea0       place_L                    1000eea0     libucrt:log10_pentium4.obj
 0002:00003ec0       One                        1000eec0     libucrt:log10_pentium4.obj
 0002:00003ed0       Zero                       1000eed0     libucrt:log10_pentium4.obj
 0002:00003ee0       Two52                      1000eee0     libucrt:log10_pentium4.obj
 0002:00003ef0       Infs                       1000eef0     libucrt:log10_pentium4.obj
 0002:00003f00       NaN                        1000ef00     libucrt:log10_pentium4.obj
 0002:00003f10       coeff                      1000ef10     libucrt:log10_pentium4.obj
 0002:00003f6e       _log2max                   1000ef6e     libucrt:87tran.obj
 0002:00003f78       _smallarg                  1000ef78     libucrt:87tran.obj
 0002:00003f82       _half                      1000ef82     libucrt:87tran.obj
 0002:00003fce       One                        1000efce     libucrt:87disp.obj
 0002:00003fd6       Three                      1000efd6     libucrt:87disp.obj
 0002:00003fde       XAMtoTagTab                1000efde     libucrt:87disp.obj
 0002:00003ff0       One                        1000eff0     libucrt:common.obj
 0002:00004004       DblMax                     1000f004     libucrt:common.obj
 0002:0000400c       DblMin                     1000f00c     libucrt:common.obj
 0002:00004014       IeeeAdjO                   1000f014     libucrt:common.obj
 0002:0000401c       IeeeAdjU                   1000f01c     libucrt:common.obj
 0002:00004024       _infinity                  1000f024     libucrt:common.obj
 0002:0000402c       _zero                      1000f02c     libucrt:common.obj
 0002:00004078       _over                      1000f078     libucrt:fpctrl.obj
 0002:00004084       _under                     1000f084     libucrt:fpctrl.obj
 0002:00004948       ?_names@?1??_get_fname@@9@9 1000f948     libucrt:fpexcept.obj
 0002:00004b80       ?_TlgEvent@?3??__telemetry_main_invoke_trigger@@9@4U<unnamed-type-_TlgEvent>@?3??1@YAXQAUHINSTANCE__@@@Z@B 1000fb80     libvcruntime:telemetry.obj
 0002:00004bbc       ?_TlgEvent@?3??__telemetry_main_return_trigger@@9@4U<unnamed-type-_TlgEvent>@?3??1@YAXQAUHINSTANCE__@@@Z@B 1000fbbc     libvcruntime:telemetry.obj
 0002:00004bf7       ?_Tlg_Microsoft_CRTProviderProv_Meta@@3U<unnamed-type-_Tlg_Microsoft_CRTProviderProv_Meta>@@B 1000fbf7     libvcruntime:telemetry.obj
 0002:00004fc8       __sehtable$?dllmain_crt_process_attach@@YAHQAUHINSTANCE__@@QAX@Z 1000ffc8     LIBCMT:dll_dllmain.obj
 0002:00004fe8       __sehtable$?dllmain_crt_process_detach@@YAH_N@Z 1000ffe8     LIBCMT:dll_dllmain.obj
 0002:00005008       __sehtable$?dllmain_dispatch@@YAHQAUHINSTANCE__@@KQAX@Z 10010008     LIBCMT:dll_dllmain.obj
 0002:00005028       __sehtable$___scrt_is_nonwritable_in_current_image 10010028     LIBCMT:utility.obj
 0002:00005048       __sehtable$?common_exit@@YAXHW4_crt_exit_cleanup_mode@@W4_crt_exit_return_mode@@@Z 10010048     libucrt:exit.obj
 0002:00005070       __sehtable$??$?RV<lambda_800076c951b434888f4765a74a194fcc>@@AAV<lambda_4e60a939b0d047cfe11ddc22648dfba9>@@V<lambda_6dbb1268764f43b569ce7b67e331d33a>@@@?$__crt_seh_guarded_call@H@@QAEH$$QAV<lambda_800076c951b434888f4765a74a194fcc>@@AAV<lambda_4e60a939b0d047cfe11ddc22648dfba9>@@$$QAV<lambda_6dbb1268764f43b569ce7b67e331d33a>@@@Z 10010070     libucrt:onexit.obj
 0002:00005090       __sehtable$??$?RV<lambda_995298e7d72eb4c2aab26c0585b3abe5>@@AAV<lambda_275893d493268fdec8709772e3fcec0e>@@V<lambda_293819299cbf9a7022e18b56a874bb5c>@@@?$__crt_seh_guarded_call@H@@QAEH$$QAV<lambda_995298e7d72eb4c2aab26c0585b3abe5>@@AAV<lambda_275893d493268fdec8709772e3fcec0e>@@$$QAV<lambda_293819299cbf9a7022e18b56a874bb5c>@@@Z 10010090     libucrt:onexit.obj
 0002:000050b0       __sehtable$_terminate      100100b0     libucrt:terminate.obj
 0002:000050d0       __sehtable$??$?RV<lambda_9df27f884b057bc3edfc946cb5b7cf47>@@AAV<lambda_e69574bed617af4e071282c136b37893>@@V<lambda_cc0d902bcbbeb830f749456577db4721>@@@?$__crt_seh_guarded_call@X@@QAEX$$QAV<lambda_9df27f884b057bc3edfc946cb5b7cf47>@@AAV<lambda_e69574bed617af4e071282c136b37893>@@$$QAV<lambda_cc0d902bcbbeb830f749456577db4721>@@@Z 100100d0     libucrt:per_thread_data.obj
 0002:000050f0       __sehtable$??$?RV<lambda_3518db117f0e7cdb002338c5d3c47b6c>@@AAV<lambda_b2ea41f6bbb362cd97d94c6828d90b61>@@V<lambda_abdedf541bb04549bc734292b4a045d4>@@@?$__crt_seh_guarded_call@X@@QAEX$$QAV<lambda_3518db117f0e7cdb002338c5d3c47b6c>@@AAV<lambda_b2ea41f6bbb362cd97d94c6828d90b61>@@$$QAV<lambda_abdedf541bb04549bc734292b4a045d4>@@@Z 100100f0     libucrt:per_thread_data.obj
 0002:00005110       __sehtable$??$?RV<lambda_51b6e8b1eb166f2a3faf91f424b38130>@@AAV<lambda_6250bd4b2a391816dd638c3bf72b0bcb>@@V<lambda_0b5a4a3e68152e1d9b943535f5f47bed>@@@?$__crt_seh_guarded_call@X@@QAEX$$QAV<lambda_51b6e8b1eb166f2a3faf91f424b38130>@@AAV<lambda_6250bd4b2a391816dd638c3bf72b0bcb>@@$$QAV<lambda_0b5a4a3e68152e1d9b943535f5f47bed>@@@Z 10010110     libucrt:per_thread_data.obj
 0002:00005130       __sehtable$??$?RV<lambda_5b71d36f03204c0beab531769a5b5694>@@AAV<lambda_be2b3da3f62db62e9dad5dc70221a656>@@V<lambda_8f9ce462984622f9bf76b59e2aaaf805>@@@?$__crt_seh_guarded_call@X@@QAEX$$QAV<lambda_5b71d36f03204c0beab531769a5b5694>@@AAV<lambda_be2b3da3f62db62e9dad5dc70221a656>@@$$QAV<lambda_8f9ce462984622f9bf76b59e2aaaf805>@@@Z 10010130     libucrt:per_thread_data.obj
 0002:00005150       __sehtable$___acrt_uninitialize_locale 10010150     libucrt:wsetlocale.obj
 0002:00005170       __sehtable$___acrt_update_thread_multibyte_data 10010170     libucrt:mbctype.obj
 0002:00005190       __sehtable$??$?RV<lambda_978dc153c237d78434369da87b74ff60>@@AAV<lambda_ad1ced32f4ac17aa236e5ef05d6b3b7c>@@V<lambda_4a8533e2866a575feecb8298ce776b0d>@@@?$__crt_seh_guarded_call@X@@QAEX$$QAV<lambda_978dc153c237d78434369da87b74ff60>@@AAV<lambda_ad1ced32f4ac17aa236e5ef05d6b3b7c>@@$$QAV<lambda_4a8533e2866a575feecb8298ce776b0d>@@@Z 10010190     libucrt:mbctype.obj
 0002:000051b0       __sehtable$___acrt_initialize_lowio 100101b0     libucrt:ioinit.obj
 0002:000051d0       __sehtable$__query_new_handler 100101d0     libucrt:new_handler.obj
 0002:000051f0       __sehtable$_raise          100101f0     libucrt:signal.obj
 0002:00005210       __sehtable$??$?RV<lambda_a048d3beccc847880fc8490e18b82769>@@AAV<lambda_ec61778202f4f5fc7e7711acc23c3bca>@@V<lambda_f7496a158712204296dd6628a163878e>@@@?$__crt_seh_guarded_call@P6AXH@Z@@QAEP6AXH@Z$$QAV<lambda_a048d3beccc847880fc8490e18b82769>@@AAV<lambda_ec61778202f4f5fc7e7711acc23c3bca>@@$$QAV<lambda_f7496a158712204296dd6628a163878e>@@@Z 10010210     libucrt:signal.obj
 0002:00005230       __sehtable$___acrt_update_thread_locale_data 10010230     libucrt:locale_refcounting.obj
 0002:00005250       __sehtable$___acrt_lowio_ensure_fh_exists 10010250     libucrt:osfinfo.obj
 0002:00005270       __sehtable$_common_flush_all 10010270     libucrt:fflush.obj
 0002:00005298       __sehtable$__fcloseall     10010298     libucrt:closeall.obj
 0002:000052b8       __sehtable$??$?RV<lambda_61cee617f5178ae960314fd4d05640a0>@@AAV<lambda_6978c1fb23f02e42e1d9e99668cc68aa>@@V<lambda_9cd88cf8ad10232537feb2133f08c833>@@@?$__crt_seh_guarded_call@H@@QAEH$$QAV<lambda_61cee617f5178ae960314fd4d05640a0>@@AAV<lambda_6978c1fb23f02e42e1d9e99668cc68aa>@@$$QAV<lambda_9cd88cf8ad10232537feb2133f08c833>@@@Z 100102b8     libucrt:commit.obj
 0002:000052d8       __sehtable$__write         100102d8     libucrt:write.obj
 0002:000052f8       __sehtable$_fclose         100102f8     libucrt:fclose.obj
 0002:00005318       __sehtable$??$?RV<lambda_123407a5e2ac06da108355a851863b7a>@@AAV<lambda_2fe9b910cf3cbf4a0ab98a02ba45b3ec>@@V<lambda_ae55bdf541ad94d75914d381c370e64d>@@@?$__crt_seh_guarded_call@H@@QAEH$$QAV<lambda_123407a5e2ac06da108355a851863b7a>@@AAV<lambda_2fe9b910cf3cbf4a0ab98a02ba45b3ec>@@$$QAV<lambda_ae55bdf541ad94d75914d381c370e64d>@@@Z 10010318     libucrt:close.obj
 0002:00005338       __sehtable$__IsNonwritableInCurrentImage 10010338     LIBCMT:pesect.obj
 0002:00005360       .edata                     10010360     load_cell_addon.exp
 0002:00005388       rgpv                       10010388     load_cell_addon.exp
 0002:0000538c       rgszName                   1001038c     load_cell_addon.exp
 0002:00005390       rgwOrd                     10010390     load_cell_addon.exp
 0002:00005392       szName                     10010392     load_cell_addon.exp
 0002:000053a7       $N00001                    100103a7     load_cell_addon.exp
 0002:00005568       .idata$6                   10010568     kernel32:KERNEL32.dll
 0002:00005acc       .idata$6                   10010acc     node:node.dll
 0002:00005f5a       .idata$6                   10010f5a     advapi32:ADVAPI32.dll
 0003:00000018       ?_Tlg_Microsoft_CRTProviderProv@@3U_TlgProvider_t@__vcrt_trace_logging_provider@@A 10011018     libvcruntime:telemetry.obj
 0003:00000060       ?__vcrt_flsindex@@3KA      10011060     libvcruntime:per_thread_data.obj
 0003:00000084       _errno_no_memory           10011084     libucrt:errno.obj
 0003:00000088       _doserrno_no_memory        10011088     libucrt:errno.obj
 0003:0000008c       ___acrt_flsindex           1001108c     libucrt:per_thread_data.obj
 0003:00000154       ___rgctypeflag             10011154     libucrt:mbctype.obj
 0003:00000158       ___rgcode_page_info        10011158     libucrt:mbctype.obj
 0003:000007a0       __module                   100117a0     load_cell_addon.obj
 0003:000007c8       ?__proc_attached@@3HA      100117c8     LIBCMT:dll_dllmain.obj
 0003:000007d0       _GS_ExceptionRecord        100117d0     LIBCMT:gs_report.obj
 0003:00000820       _GS_ContextRecord          10011820     LIBCMT:gs_report.obj
 0003:00000af4       ?module_local_atexit_table@@3U_onexit_table_t@@A 10011af4     LIBCMT:utility.obj
 0003:00000b00       ?module_local_at_quick_exit_table@@3U_onexit_table_t@@A 10011b00     LIBCMT:utility.obj
 0003:00000b0c       ?is_initialized_as_dll@@3_NA 10011b0c     LIBCMT:utility.obj
 0003:00000b34       ?module_handles@@3PAPAUHINSTANCE__@@A 10011b34     libvcruntime:winapi_downlevel.obj
 0003:00000b44       ?encoded_function_pointers@@3PAPAXA 10011b44     libvcruntime:winapi_downlevel.obj
 0003:00000b68       ?__vcrt_startup_thread_ptd@@3U__vcrt_ptd@@A 10011b68     libvcruntime:per_thread_data.obj
 0003:00000b90       ___vcrt_lock_table         10011b90     libvcruntime:locks.obj
 0003:00000ba8       ___vcrt_locks_initialized  10011ba8     libvcruntime:locks.obj
 0003:00000bd8       ?heap@@3V_HeapManager@@A   10011bd8     libvcruntime:undname.obj
 0003:00000bec       _c_termination_complete    10011bec     libucrt:exit.obj
 0003:00000bf0       _thread_local_exit_callback_func 10011bf0     libucrt:exit.obj
 0003:00000bf4       ?c_exit_complete@?5??common_exit@@YAXHW4_crt_exit_cleanup_mode@@W4_crt_exit_return_mode@@@Z@4_NA 10011bf4     libucrt:exit.obj
 0003:00000c20       ___acrt_invalid_parameter_handler 10011c20     libucrt:invalid_parameter.obj
 0003:00000c30       ___acrt_lock_table         10011c30     libucrt:locks.obj
 0003:00000d68       ___acrt_locks_initialized  10011d68     libucrt:locks.obj
 0003:00000d70       _module_handles            10011d70     libucrt:winapi_thunks.obj
 0003:00000dc0       _encoded_function_pointers 10011dc0     libucrt:winapi_thunks.obj
 0003:00000e40       ?state_cache@?1??__acrt_is_packaged_app@@9@4JA 10011e40     libucrt:winapi_thunks.obj
 0003:00000e5c       _fSystemSet                10011e5c     libucrt:mbctype.obj
 0003:00000e60       ?initialized@?1??__acrt_initialize_multibyte@@9@4_NA 10011e60     libucrt:mbctype.obj
 0003:0000107c       ___acrt_new_handler        1001207c     libucrt:new_handler.obj
 0003:00001080       _ctrlc_action              10012080     libucrt:signal.obj
 0003:00001084       _ctrlbreak_action          10012084     libucrt:signal.obj
 0003:00001088       _abort_action              10012088     libucrt:signal.obj
 0003:0000108c       _term_action               1001208c     libucrt:signal.obj
 0003:00001090       _user_matherr              10012090     libucrt:matherr.obj
 0003:0000109c       ___acrt_global_new_mode    1001209c     libucrt:new_mode.obj
 0003:000010b0       ___acrt_app_type           100120b0     libucrt:report_runtime_error.obj
 0003:000010b8       __pmatherr_set             100120b8     libucrt:libm_error.obj
 0004:00000000       __guard_fids____dcrt_uninitialize_environments_nolock 10013000     libucrt:environment_initialization.obj
 0004:00000008       __guard_fids__             10013008     libucrt:initialization.obj
 0004:00000068       __guard_fids____acrt_initialize_ptd 10013068     libucrt:per_thread_data.obj
 0004:0000006c       __guard_fids__             1001306c     libucrt:locale_initializer.obj
 0004:00000070       __guard_fids__             10013070     libucrt:multibyte_initializer.obj
 0004:00000074       __guard_fids__             10013074     libucrt:stdio_initializer.obj
 0004:00000078       __guard_fids__             10013078     libucrt:stdio_initializer.obj
 0004:0000007c       __guard_fids____libm_error_support 1001307c     libucrt:libm_error.obj
 0004:00000080       __guard_fids__             10013080     libucrt:sse2_initializer.obj
 0004:00000084       __guard_fids__             10013084     libucrt:console_output_initializer.obj
 0004:00000088       __guard_fids_?dllmain_crt_process_attach@@YAHQAUHINSTANCE__@@QAX@Z 10013088     LIBCMT:dll_dllmain.obj
 0004:00000090       __guard_fids_?dllmain_dispatch@@YAHQAUHINSTANCE__@@KQAX@Z 10013090     LIBCMT:dll_dllmain.obj
 0004:00000094       __guard_fids__             10013094     LIBCMT:guard_support.obj
 0004:00000098       __guard_fids__             10013098     libvcruntime:telemetry.obj
 0004:0000009c       __guard_fids_?TraceLoggingRegister@__vcrt_trace_logging_provider@@YAJPBU_TlgProvider_t@1@PBU_GUID@@P6GX1KE_K2PAU_EVENT_FILTER_DESCRIPTOR@@PAX@Z4@Z 1001309c     libvcruntime:telemetry.obj
 0004:000000a0       __guard_fids____vcrt_initialize_ptd 100130a0     libvcruntime:per_thread_data.obj
 0005:00000060       $R000000                   10014060     * linker generated manifest res *

 Exports

  ordinal    name

        1    __register_load_cell_addon_
               exported name: _register_load_cell_addon_
